<html>
<body>
<pre>
<h1>µVision Build Log</h1>
<h2>Tool Versions:</h2>
IDE-Version: ¦ÌVision V5.29.0.0
Copyright (C) 2019 ARM Ltd and ARM Germany GmbH. All rights reserved.
License Information: LIN ulandlink-LFZ, uladklink, LIC=ATTQ1-C0E5Q-VE1HA-15YUH-ZYPSX-5LVU8
 
Tool Versions:
Toolchain:       MDK-ARM Plus  Version: 5.29.0.0
Toolchain Path:  C:\Keil_v5\ARM\ARMCC\Bin
C Compiler:      Armcc.exe V5.06 update 6 (build 750)
Assembler:       Armasm.exe V5.06 update 6 (build 750)
Linker/Locator:  ArmLink.exe V5.06 update 6 (build 750)
Library Manager: ArmAr.exe V5.06 update 6 (build 750)
Hex Converter:   FromElf.exe V5.06 update 6 (build 750)
CPU DLL:         SARMCM3.DLL V5.29.0.0
Dialog DLL:      DCM.DLL V1.17.3.0
Target DLL:      STLink\ST-LINKIII-KEIL_SWO.dll V3.0.7.0
Dialog DLL:      TCM.DLL V1.36.5.0
 
<h2>Project:</h2>
E:\SrcCode\NP300\NP300_M\MDK-ARM\NP300_V1.0.uvprojx
Project File Date:  11/09/2020

<h2>Output:</h2>
*** Using Compiler 'V5.06 update 6 (build 750)', folder: 'C:\Keil_v5\ARM\ARMCC\Bin'
Build target 'NP300_V1.0'
compiling stm32l4xx_hal_timebase_tim.c...
compiling system_stm32l4xx.c...
compiling bsp_usart.c...
compiling stm32l4xx_it.c...
compiling bsp_spi.c...
compiling stm32l4xx_hal_msp.c...
compiling main.c...
compiling bsp_i2c.c...
compiling bsp_log.c...
compiling bsp_rtc.c...
compiling bsp_adc.c...
compiling app_srv_power.c...
compiling app_drv_power.c...
compiling app_power_task.c...
compiling app_srv_oled.c...
compiling ringbuffer.c...
compiling cmd.c...
compiling app_drv_oled.c...
compiling msh.c...
compiling shell.c...
compiling clock.c...
compiling components.c...
compiling idle.c...
compiling ipc.c...
compiling irq.c...
compiling kservice.c...
compiling mem.c...
compiling memheap.c...
compiling mempool.c...
compiling object.c...
..\os\src\object.c(260): warning:  #550-D: variable "obj"  was set but never used
          struct rt_object *obj;
..\os\src\object.c: 1 warning, 0 errors
compiling scheduler.c...
compiling slab.c...
compiling thread.c...
compiling timer.c...
compiling cpuport.c...
compiling app_oled_task.c...
compiling app_drv_sample.c...
compiling app_srv_sample.c...
compiling drv_uart.c...
compiling app_sample_task.c...
compiling stm32l4xx_hal.c...
compiling stm32l4xx_hal_tim_ex.c...
compiling stm32l4xx_hal_i2c.c...
compiling stm32l4xx_hal_tim.c...
compiling stm32l4xx_hal_i2c_ex.c...
compiling board.c...
compiling stm32l4xx_hal_rcc.c...
compiling stm32l4xx_hal_rcc_ex.c...
compiling stm32l4xx_hal_flash_ramfunc.c...
compiling stm32l4xx_hal_flash.c...
compiling stm32l4xx_hal_gpio.c...
compiling stm32l4xx_hal_flash_ex.c...
compiling stm32l4xx_hal_dma.c...
compiling stm32l4xx_hal_dma_ex.c...
compiling stm32l4xx_hal_pwr.c...
compiling stm32l4xx_hal_exti.c...
compiling stm32l4xx_hal_cortex.c...
compiling stm32l4xx_hal_pwr_ex.c...
compiling stm32l4xx_ll_exti.c...
compiling stm32l4xx_ll_dma.c...
compiling stm32l4xx_ll_adc.c...
compiling stm32l4xx_ll_gpio.c...
compiling stm32l4xx_ll_i2c.c...
compiling stm32l4xx_ll_rcc.c...
compiling stm32l4xx_ll_lpuart.c...
compiling stm32l4xx_ll_spi.c...
compiling stm32l4xx_ll_usart.c...
compiling stm32l4xx_ll_rtc.c...
compiling stm32l4xx_ll_utils.c...
compiling stm32l4xx_ll_tim.c...
linking...
Program Size: Code=24088 RO-data=4788 RW-data=240 ZI-data=3728  
".\NP300_V1.0\NP300_V1.0" - 0 Error(s), 1 Warning(s).

<h2>Software Packages used:</h2>

Package Vendor: ARM
                http://www.keil.com/pack/ARM.CMSIS.5.6.0.pack
                ARM.CMSIS.5.6.0
                CMSIS (Cortex Microcontroller Software Interface Standard)
   * Component: CORE Version: 5.3.0

Package Vendor: Keil
                http://www.keil.com/pack/Keil.STM32L4xx_DFP.2.2.0.pack
                Keil.STM32L4xx_DFP.2.2.0
                STMicroelectronics STM32L4 Series Device Support, Drivers and Examples

<h2>Collection of Component include folders:</h2>
  .\RTE\_NP300_V1.0
  C:\Keil_v5\Packs\ARM\CMSIS\5.6.0\CMSIS\Core\Include
  C:\Keil_v5\Packs\Keil\STM32L4xx_DFP\2.2.0\Drivers\CMSIS\Device\ST\STM32L4xx\Include

<h2>Collection of Component Files used:</h2>

   * Component: ARM::CMSIS:CORE:5.3.0
Build Time Elapsed:  00:03:52
</pre>
</body>
</html>
