Component: ARM Compiler 5.06 update 6 (build 750) Tool: armlink [4d35ed]

==============================================================================

Section Cross References

    main.o(i.HAL_TIM_PeriodElapsedCallback) refers to stm32l4xx_hal.o(i.HAL_IncTick) for HAL_IncTick
    main.o(i.main) refers to bsp_log.o(i.bsp_log_init) for bsp_log_init
    main.o(i.main) refers to bsp_rtc.o(i.bsp_rtc_init) for bsp_rtc_init
    main.o(i.main) refers to bsp_log.o(i.bsp_log_output) for bsp_log_output
    main.o(i.main) refers to app_power_task.o(i.app_srv_power_led_tread) for app_srv_power_led_tread
    main.o(i.main) refers to app_oled_task.o(i.app_srv_oled_tread) for app_srv_oled_tread
    main.o(i.main) refers to app_sample_task.o(i.app_srv_sample_tread) for app_srv_sample_tread
    stm32l4xx_hal_timebase_tim.o(i.HAL_InitTick) refers to stm32l4xx_hal_cortex.o(i.HAL_NVIC_SetPriority) for HAL_NVIC_SetPriority
    stm32l4xx_hal_timebase_tim.o(i.HAL_InitTick) refers to stm32l4xx_hal_cortex.o(i.HAL_NVIC_EnableIRQ) for HAL_NVIC_EnableIRQ
    stm32l4xx_hal_timebase_tim.o(i.HAL_InitTick) refers to stm32l4xx_hal_rcc.o(i.HAL_RCC_GetClockConfig) for HAL_RCC_GetClockConfig
    stm32l4xx_hal_timebase_tim.o(i.HAL_InitTick) refers to stm32l4xx_hal_rcc.o(i.HAL_RCC_GetPCLK1Freq) for HAL_RCC_GetPCLK1Freq
    stm32l4xx_hal_timebase_tim.o(i.HAL_InitTick) refers to stm32l4xx_hal_tim.o(i.HAL_TIM_Base_Init) for HAL_TIM_Base_Init
    stm32l4xx_hal_timebase_tim.o(i.HAL_InitTick) refers to stm32l4xx_hal_tim.o(i.HAL_TIM_Base_Start_IT) for HAL_TIM_Base_Start_IT
    stm32l4xx_hal_timebase_tim.o(i.HAL_InitTick) refers to stm32l4xx_hal_timebase_tim.o(.bss) for .bss
    stm32l4xx_hal_timebase_tim.o(i.HAL_ResumeTick) refers to stm32l4xx_hal_timebase_tim.o(.bss) for .bss
    stm32l4xx_hal_timebase_tim.o(i.HAL_SuspendTick) refers to stm32l4xx_hal_timebase_tim.o(.bss) for .bss
    stm32l4xx_it.o(i.TIM2_IRQHandler) refers to stm32l4xx_hal_tim.o(i.HAL_TIM_IRQHandler) for HAL_TIM_IRQHandler
    stm32l4xx_it.o(i.TIM2_IRQHandler) refers to stm32l4xx_hal_timebase_tim.o(.bss) for htim2
    system_stm32l4xx.o(i.SystemCoreClockUpdate) refers to system_stm32l4xx.o(.constdata) for .constdata
    system_stm32l4xx.o(i.SystemCoreClockUpdate) refers to system_stm32l4xx.o(.data) for .data
    startup_stm32l431xx.o(RESET) refers to startup_stm32l431xx.o(STACK) for __initial_sp
    startup_stm32l431xx.o(RESET) refers to startup_stm32l431xx.o(.text) for Reset_Handler
    startup_stm32l431xx.o(RESET) refers to stm32l4xx_it.o(i.NMI_Handler) for NMI_Handler
    startup_stm32l431xx.o(RESET) refers to context_rvds.o(.text) for HardFault_Handler
    startup_stm32l431xx.o(RESET) refers to stm32l4xx_it.o(i.MemManage_Handler) for MemManage_Handler
    startup_stm32l431xx.o(RESET) refers to stm32l4xx_it.o(i.BusFault_Handler) for BusFault_Handler
    startup_stm32l431xx.o(RESET) refers to stm32l4xx_it.o(i.UsageFault_Handler) for UsageFault_Handler
    startup_stm32l431xx.o(RESET) refers to stm32l4xx_it.o(i.DebugMon_Handler) for DebugMon_Handler
    startup_stm32l431xx.o(RESET) refers to board.o(i.SysTick_Handler) for SysTick_Handler
    startup_stm32l431xx.o(RESET) refers to app_drv_power.o(i.EXTI4_IRQHandler) for EXTI4_IRQHandler
    startup_stm32l431xx.o(RESET) refers to stm32l4xx_it.o(i.TIM2_IRQHandler) for TIM2_IRQHandler
    startup_stm32l431xx.o(RESET) refers to bsp_usart.o(i.USART1_IRQHandler) for USART1_IRQHandler
    startup_stm32l431xx.o(RESET) refers to bsp_usart.o(i.USART3_IRQHandler) for USART3_IRQHandler
    startup_stm32l431xx.o(RESET) refers to stm32l4xx_it.o(i.DMA2_Channel2_IRQHandler) for DMA2_Channel2_IRQHandler
    startup_stm32l431xx.o(.text) refers to system_stm32l4xx.o(i.SystemInit) for SystemInit
    startup_stm32l431xx.o(.text) refers to entry.o(.ARM.Collect$$$$00000000) for __main
    bsp_spi.o(i.bsp_spi_deinit) refers to memseta.o(.text) for __aeabi_memclr4
    bsp_spi.o(i.bsp_spi_deinit) refers to bsp_spi.o(i.LL_AHB2_GRP1_EnableClock) for LL_AHB2_GRP1_EnableClock
    bsp_spi.o(i.bsp_spi_deinit) refers to stm32l4xx_ll_gpio.o(i.LL_GPIO_Init) for LL_GPIO_Init
    bsp_spi.o(i.bsp_spi_deinit) refers to stm32l4xx_ll_dma.o(i.LL_DMA_DeInit) for LL_DMA_DeInit
    bsp_spi.o(i.bsp_spi_deinit) refers to stm32l4xx_ll_spi.o(i.LL_SPI_DeInit) for LL_SPI_DeInit
    bsp_spi.o(i.bsp_spi_deinit) refers to bsp_spi.o(.constdata) for .constdata
    bsp_spi.o(i.bsp_spi_init) refers to memseta.o(.text) for __aeabi_memclr4
    bsp_spi.o(i.bsp_spi_init) refers to bsp_spi.o(i.LL_AHB2_GRP1_EnableClock) for LL_AHB2_GRP1_EnableClock
    bsp_spi.o(i.bsp_spi_init) refers to stm32l4xx_ll_gpio.o(i.LL_GPIO_Init) for LL_GPIO_Init
    bsp_spi.o(i.bsp_spi_init) refers to stm32l4xx_ll_spi.o(i.LL_SPI_Init) for LL_SPI_Init
    bsp_spi.o(i.bsp_spi_init) refers to bsp_spi.o(.constdata) for .constdata
    bsp_spi.o(i.bsp_spi_read_data) refers to bsp_spi.o(.constdata) for .constdata
    bsp_spi.o(i.bsp_spi_write_data) refers to bsp_spi.o(.constdata) for .constdata
[...]
    __tagsym$$used                           0x0800705c   Number         0  cmd.o(FSymTab)
    __tagsym$$used                           0x08007064   Number         0  cmd.o(FSymTab)
    __tagsym$$used                           0x0800706c   Number         0  cmd.o(FSymTab)
    __tagsym$$used                           0x08007074   Number         0  cmd.o(FSymTab)
    __tagsym$$used                           0x0800707c   Number         0  cmd.o(FSymTab)
    __tagsym$$used                           0x08007084   Number         0  cmd.o(FSymTab)
    FSymTab                                  0x0800708c   Section       24  msh.o(FSymTab)
    __tagsym$$used                           0x0800708c   Number         0  msh.o(FSymTab)
    __tagsym$$used                           0x08007094   Number         0  msh.o(FSymTab)
    __tagsym$$used                           0x0800709c   Number         0  msh.o(FSymTab)
    FSymTab                                  0x080070a4   Section        8  mem.o(FSymTab)
    __tagsym$$used                           0x080070a4   Number         0  mem.o(FSymTab)
    .data                                    0x20000000   Section        4  system_stm32l4xx.o(.data)
    .data                                    0x20000004   Section        8  bsp_usart.o(.data)
    uart_callback_arry                       0x20000004   Data           8  bsp_usart.o(.data)
    .data                                    0x2000000c   Section        1  bsp_log.o(.data)
    ge_uart_log_lv                           0x2000000c   Data           1  bsp_log.o(.data)
    .data                                    0x2000000d   Section        1  app_drv_power.o(.data)
    power_enable                             0x2000000d   Data           1  app_drv_power.o(.data)
    .data                                    0x20000010   Section       16  app_srv_sample.o(.data)
    sample_data                              0x20000018   Data           8  app_srv_sample.o(.data)
    .data                                    0x20000020   Section       24  shell.o(.data)
    finsh_prompt_custom                      0x20000030   Data           4  shell.o(.data)
    .data                                    0x20000038   Section        2  board.o(.data)
    hsi_enable                               0x20000039   Data           1  board.o(.data)
    .data                                    0x2000003c   Section        4  clock.o(.data)
    rt_tick                                  0x2000003c   Data           4  clock.o(.data)
    .data                                    0x20000040   Section        1  irq.o(.data)
    .data                                    0x20000044   Section       24  mem.o(.data)
    heap_ptr                                 0x20000044   Data           4  mem.o(.data)
    heap_end                                 0x20000048   Data           4  mem.o(.data)
    lfree                                    0x2000004c   Data           4  mem.o(.data)
    mem_size_aligned                         0x20000050   Data           4  mem.o(.data)
    used_mem                                 0x20000054   Data           4  mem.o(.data)
    max_mem                                  0x20000058   Data           4  mem.o(.data)
    .data                                    0x2000005c   Section       80  object.o(.data)
    rt_object_container                      0x2000005c   Data          80  object.o(.data)
    .data                                    0x200000ac   Section       20  scheduler.o(.data)
    rt_scheduler_lock_nest                   0x200000ae   Data           2  scheduler.o(.data)
    .data                                    0x200000c0   Section       20  timer.o(.data)
    random_nr                                0x200000c0   Data           4  timer.o(.data)
    rt_timer_list                            0x200000c4   Data           8  timer.o(.data)
    rt_soft_timer_list                       0x200000cc   Data           8  timer.o(.data)
    .data                                    0x200000d4   Section        4  cpuport.o(.data)
    rt_exception_hook                        0x200000d4   Data           4  cpuport.o(.data)
    .data                                    0x200000d8   Section        4  cpuport.o(.data)
    .data                                    0x200000dc   Section        4  cpuport.o(.data)
    .data                                    0x200000e0   Section        4  cpuport.o(.data)
    .data                                    0x200000e4   Section       12  stm32l4xx_hal.o(.data)
    .bss                                     0x200000f0   Section       76  stm32l4xx_hal_timebase_tim.o(.bss)
    .bss                                     0x2000013c   Section      128  bsp_log.o(.bss)
    log_buf                                  0x2000013c   Data         128  bsp_log.o(.bss)
    .bss                                     0x200001bc   Section      172  drv_uart.o(.bss)
    shell_rx_sem                             0x20000248   Data          32  drv_uart.o(.bss)
    .bss                                     0x20000268   Section      257  shell.o(.bss)
    finsh_prompt                             0x20000268   Data         257  shell.o(.bss)
    .bss                                     0x2000036c   Section      376  idle.o(.bss)
    idle                                     0x2000036c   Data         120  idle.o(.bss)
    rt_thread_stack                          0x200003e4   Data         256  idle.o(.bss)
    .bss                                     0x200004e4   Section      256  kservice.o(.bss)
    rt_log_buf                               0x200004e4   Data         256  kservice.o(.bss)
    .bss                                     0x200005e4   Section       32  mem.o(.bss)
    heap_sem                                 0x200005e4   Data          32  mem.o(.bss)
    .bss                                     0x20000604   Section      256  scheduler.o(.bss)
    .bss                                     0x20000704   Section     1144  timer.o(.bss)
    timer_thread                             0x20000704   Data         120  timer.o(.bss)
    timer_thread_stack                       0x2000077c   Data        1024  timer.o(.bss)
    STACK                                    0x20000b80   Section     1024  startup_stm32l431xx.o(STACK)

    Global Symbols

    Symbol Name                              Value     Ov Type        Size  Object(Section)

    BuildAttributes$$THM_ISAv4$E$P$D$K$B$S$7EM$VFPi3$EXTD16$VFPS$VFMA$PE$A:L22UL41UL21$X:L11$S22US41US21$IEEE1$IW$USESV6$~STKCKD$USESV7$~SHL$OSPACE$ROPI$EBA8$MICROLIB$REQ8$PRES8$EABIv2 0x00000000   Number         0  anon$$obj.o ABSOLUTE
    __ARM_use_no_argv                        0x00000000   Number         0  main.o ABSOLUTE
    __cpp_initialize__aeabi_                  - Undefined Weak Reference
    __cxa_finalize                            - Undefined Weak Reference
    __decompress                              - Undefined Weak Reference
    _clock_init                               - Undefined Weak Reference
    _microlib_exit                            - Undefined Weak Reference
    __Vectors_Size                           0x0000018c   Number         0  startup_stm32l431xx.o ABSOLUTE
    __Vectors                                0x08000000   Data           4  startup_stm32l431xx.o(RESET)
    __Vectors_End                            0x0800018c   Data           0  startup_stm32l431xx.o(RESET)
    __main                                   0x0800018d   Thumb Code     0  entry.o(.ARM.Collect$$$$00000000)
    _main_stk                                0x0800018d   Thumb Code     0  entry2.o(.ARM.Collect$$$$00000001)
    _main_scatterload                        0x08000191   Thumb Code     0  entry5.o(.ARM.Collect$$$$00000004)
    __main_after_scatterload                 0x08000195   Thumb Code     0  entry5.o(.ARM.Collect$$$$00000004)
    _main_clock                              0x08000195   Thumb Code     0  entry7b.o(.ARM.Collect$$$$00000008)
    _main_cpp_init                           0x08000195   Thumb Code     0  entry8b.o(.ARM.Collect$$$$0000000A)
    _main_init                               0x08000195   Thumb Code     0  entry9a.o(.ARM.Collect$$$$0000000B)
    __rt_final_cpp                           0x0800019d   Thumb Code     0  entry10a.o(.ARM.Collect$$$$0000000D)
    __rt_final_exit                          0x0800019d   Thumb Code     0  entry11a.o(.ARM.Collect$$$$0000000F)
    Reset_Handler                            0x080001a1   Thumb Code     8  startup_stm32l431xx.o(.text)
    SVC_Handler                              0x080001b3   Thumb Code     2  startup_stm32l431xx.o(.text)
    ADC1_IRQHandler                          0x080001bb   Thumb Code     0  startup_stm32l431xx.o(.text)
    CAN1_RX0_IRQHandler                      0x080001bb   Thumb Code     0  startup_stm32l431xx.o(.text)
    CAN1_RX1_IRQHandler                      0x080001bb   Thumb Code     0  startup_stm32l431xx.o(.text)
    CAN1_SCE_IRQHandler                      0x080001bb   Thumb Code     0  startup_stm32l431xx.o(.text)
    CAN1_TX_IRQHandler                       0x080001bb   Thumb Code     0  startup_stm32l431xx.o(.text)
    COMP_IRQHandler                          0x080001bb   Thumb Code     0  startup_stm32l431xx.o(.text)
    CRS_IRQHandler                           0x080001bb   Thumb Code     0  startup_stm32l431xx.o(.text)
    DMA1_Channel1_IRQHandler                 0x080001bb   Thumb Code     0  startup_stm32l431xx.o(.text)
    DMA1_Channel2_IRQHandler                 0x080001bb   Thumb Code     0  startup_stm32l431xx.o(.text)
    DMA1_Channel3_IRQHandler                 0x080001bb   Thumb Code     0  startup_stm32l431xx.o(.text)
    DMA1_Channel4_IRQHandler                 0x080001bb   Thumb Code     0  startup_stm32l431xx.o(.text)
    DMA1_Channel5_IRQHandler                 0x080001bb   Thumb Code     0  startup_stm32l431xx.o(.text)
    DMA1_Channel6_IRQHandler                 0x080001bb   Thumb Code     0  startup_stm32l431xx.o(.text)
    DMA1_Channel7_IRQHandler                 0x080001bb   Thumb Code     0  startup_stm32l431xx.o(.text)
    DMA2_Channel1_IRQHandler                 0x080001bb   Thumb Code     0  startup_stm32l431xx.o(.text)
    DMA2_Channel3_IRQHandler                 0x080001bb   Thumb Code     0  startup_stm32l431xx.o(.text)
    DMA2_Channel4_IRQHandler                 0x080001bb   Thumb Code     0  startup_stm32l431xx.o(.text)
    DMA2_Channel5_IRQHandler                 0x080001bb   Thumb Code     0  startup_stm32l431xx.o(.text)
    DMA2_Channel6_IRQHandler                 0x080001bb   Thumb Code     0  startup_stm32l431xx.o(.text)
    DMA2_Channel7_IRQHandler                 0x080001bb   Thumb Code     0  startup_stm32l431xx.o(.text)
    EXTI0_IRQHandler                         0x080001bb   Thumb Code     0  startup_stm32l431xx.o(.text)
    EXTI15_10_IRQHandler                     0x080001bb   Thumb Code     0  startup_stm32l431xx.o(.text)
    EXTI1_IRQHandler                         0x080001bb   Thumb Code     0  startup_stm32l431xx.o(.text)
    EXTI2_IRQHandler                         0x080001bb   Thumb Code     0  startup_stm32l431xx.o(.text)
    EXTI3_IRQHandler                         0x080001bb   Thumb Code     0  startup_stm32l431xx.o(.text)
    EXTI9_5_IRQHandler                       0x080001bb   Thumb Code     0  startup_stm32l431xx.o(.text)
    FLASH_IRQHandler                         0x080001bb   Thumb Code     0  startup_stm32l431xx.o(.text)
    FPU_IRQHandler                           0x080001bb   Thumb Code     0  startup_stm32l431xx.o(.text)
    I2C1_ER_IRQHandler                       0x080001bb   Thumb Code     0  startup_stm32l431xx.o(.text)
    I2C1_EV_IRQHandler                       0x080001bb   Thumb Code     0  startup_stm32l431xx.o(.text)
    I2C2_ER_IRQHandler                       0x080001bb   Thumb Code     0  startup_stm32l431xx.o(.text)
    I2C2_EV_IRQHandler                       0x080001bb   Thumb Code     0  startup_stm32l431xx.o(.text)
    I2C3_ER_IRQHandler                       0x080001bb   Thumb Code     0  startup_stm32l431xx.o(.text)
    I2C3_EV_IRQHandler                       0x080001bb   Thumb Code     0  startup_stm32l431xx.o(.text)
    LPTIM1_IRQHandler                        0x080001bb   Thumb Code     0  startup_stm32l431xx.o(.text)
    LPTIM2_IRQHandler                        0x080001bb   Thumb Code     0  startup_stm32l431xx.o(.text)
    LPUART1_IRQHandler                       0x080001bb   Thumb Code     0  startup_stm32l431xx.o(.text)
    PVD_PVM_IRQHandler                       0x080001bb   Thumb Code     0  startup_stm32l431xx.o(.text)
    QUADSPI_IRQHandler                       0x080001bb   Thumb Code     0  startup_stm32l431xx.o(.text)
    RCC_IRQHandler                           0x080001bb   Thumb Code     0  startup_stm32l431xx.o(.text)
    RNG_IRQHandler                           0x080001bb   Thumb Code     0  startup_stm32l431xx.o(.text)
    RTC_Alarm_IRQHandler                     0x080001bb   Thumb Code     0  startup_stm32l431xx.o(.text)
    RTC_WKUP_IRQHandler                      0x080001bb   Thumb Code     0  startup_stm32l431xx.o(.text)
    SAI1_IRQHandler                          0x080001bb   Thumb Code     0  startup_stm32l431xx.o(.text)
    SDMMC1_IRQHandler                        0x080001bb   Thumb Code     0  startup_stm32l431xx.o(.text)
    SPI1_IRQHandler                          0x080001bb   Thumb Code     0  startup_stm32l431xx.o(.text)
    SPI2_IRQHandler                          0x080001bb   Thumb Code     0  startup_stm32l431xx.o(.text)
    SPI3_IRQHandler                          0x080001bb   Thumb Code     0  startup_stm32l431xx.o(.text)
    SWPMI1_IRQHandler                        0x080001bb   Thumb Code     0  startup_stm32l431xx.o(.text)
    TAMP_STAMP_IRQHandler                    0x080001bb   Thumb Code     0  startup_stm32l431xx.o(.text)
    TIM1_BRK_TIM15_IRQHandler                0x080001bb   Thumb Code     0  startup_stm32l431xx.o(.text)
    TIM1_CC_IRQHandler                       0x080001bb   Thumb Code     0  startup_stm32l431xx.o(.text)
    TIM1_TRG_COM_IRQHandler                  0x080001bb   Thumb Code     0  startup_stm32l431xx.o(.text)
    TIM1_UP_TIM16_IRQHandler                 0x080001bb   Thumb Code     0  startup_stm32l431xx.o(.text)
    TIM6_DAC_IRQHandler                      0x080001bb   Thumb Code     0  startup_stm32l431xx.o(.text)
    TIM7_IRQHandler                          0x080001bb   Thumb Code     0  startup_stm32l431xx.o(.text)
    TSC_IRQHandler                           0x080001bb   Thumb Code     0  startup_stm32l431xx.o(.text)
    USART2_IRQHandler                        0x080001bb   Thumb Code     0  startup_stm32l431xx.o(.text)
    WWDG_IRQHandler                          0x080001bb   Thumb Code     0  startup_stm32l431xx.o(.text)
    rt_hw_interrupt_disable                  0x080001c5   Thumb Code     8  context_rvds.o(.text)
    rt_hw_interrupt_enable                   0x080001cd   Thumb Code     6  context_rvds.o(.text)
    rt_hw_context_switch                     0x080001d3   Thumb Code    32  context_rvds.o(.text)
    rt_hw_context_switch_interrupt           0x080001d3   Thumb Code     0  context_rvds.o(.text)
    PendSV_Handler                           0x080001f3   Thumb Code   108  context_rvds.o(.text)
    rt_hw_context_switch_to                  0x0800025f   Thumb Code    70  context_rvds.o(.text)
    rt_hw_interrupt_thread_switch            0x080002a5   Thumb Code     2  context_rvds.o(.text)
    HardFault_Handler                        0x080002a7   Thumb Code    56  context_rvds.o(.text)
    __aeabi_uldivmod                         0x08000305   Thumb Code    98  uldiv.o(.text)
    __aeabi_memcpy                           0x0800036d   Thumb Code    36  memcpya.o(.text)
    __aeabi_memcpy4                          0x0800036d   Thumb Code     0  memcpya.o(.text)
    __aeabi_memcpy8                          0x0800036d   Thumb Code     0  memcpya.o(.text)
    __aeabi_memset                           0x08000391   Thumb Code    14  memseta.o(.text)
    __aeabi_memset4                          0x08000391   Thumb Code     0  memseta.o(.text)
    __aeabi_memset8                          0x08000391   Thumb Code     0  memseta.o(.text)
    __aeabi_memclr                           0x0800039f   Thumb Code     4  memseta.o(.text)
    __aeabi_memclr4                          0x0800039f   Thumb Code     0  memseta.o(.text)
    __aeabi_memclr8                          0x0800039f   Thumb Code     0  memseta.o(.text)
    _memset$wrapper                          0x080003a3   Thumb Code    18  memseta.o(.text)
    strcat                                   0x080003b5   Thumb Code    24  strcat.o(.text)
    strncpy                                  0x080003cd   Thumb Code    24  strncpy.o(.text)
    strlen                                   0x080003e5   Thumb Code    14  strlen.o(.text)
    strcpy                                   0x080003f3   Thumb Code    18  strcpy.o(.text)
    strncmp                                  0x08000405   Thumb Code    30  strncmp.o(.text)
    __aeabi_uidiv                            0x08000423   Thumb Code     0  uidiv.o(.text)
    __aeabi_uidivmod                         0x08000423   Thumb Code    44  uidiv.o(.text)
    __aeabi_llsl                             0x0800044f   Thumb Code    30  llshl.o(.text)
    _ll_shift_l                              0x0800044f   Thumb Code     0  llshl.o(.text)
    __aeabi_llsr                             0x0800046d   Thumb Code    32  llushr.o(.text)
    _ll_ushift_r                             0x0800046d   Thumb Code     0  llushr.o(.text)
    __I$use$fp                               0x0800048d   Thumb Code     0  iusefp.o(.text)
    __aeabi_dadd                             0x0800048d   Thumb Code   322  dadd.o(.text)
    __aeabi_dsub                             0x080005cf   Thumb Code     6  dadd.o(.text)
    __aeabi_drsub                            0x080005d5   Thumb Code     6  dadd.o(.text)
    __aeabi_dmul                             0x080005eb   Thumb Code   228  dmul.o(.text)
    __aeabi_ddiv                             0x080006d5   Thumb Code   222  ddiv.o(.text)
    __aeabi_d2ulz                            0x080007b3   Thumb Code    48  dfixul.o(.text)
    __aeabi_cdrcmple                         0x080007e5   Thumb Code    48  cdrcmple.o(.text)
    __scatterload                            0x08000815   Thumb Code    28  init.o(.text)
    __scatterload_rt2                        0x08000815   Thumb Code     0  init.o(.text)
    __aeabi_lasr                             0x08000839   Thumb Code    36  llsshr.o(.text)
    _ll_sshift_r                             0x08000839   Thumb Code     0  llsshr.o(.text)
    _double_round                            0x0800085d   Thumb Code    30  depilogue.o(.text)
    _double_epilogue                         0x0800087b   Thumb Code   156  depilogue.o(.text)
    main                                     0x08000917   Thumb Code    10  components.o(i.$Sub$$main)
    BusFault_Handler                         0x08000921   Thumb Code     2  stm32l4xx_it.o(i.BusFault_Handler)
    DMA2_Channel2_IRQHandler                 0x08000923   Thumb Code     2  stm32l4xx_it.o(i.DMA2_Channel2_IRQHandler)
    DebugMon_Handler                         0x08000925   Thumb Code     2  stm32l4xx_it.o(i.DebugMon_Handler)
    EXTI4_IRQHandler                         0x08000929   Thumb Code    30  app_drv_power.o(i.EXTI4_IRQHandler)
    Error_Handler                            0x08000951   Thumb Code     2  main.o(i.Error_Handler)
    HAL_IncTick                              0x08000955   Thumb Code    12  stm32l4xx_hal.o(i.HAL_IncTick)
    HAL_Init                                 0x08000965   Thumb Code    30  stm32l4xx_hal.o(i.HAL_Init)
    HAL_InitTick                             0x08000985   Thumb Code   100  stm32l4xx_hal_timebase_tim.o(i.HAL_InitTick)
    HAL_MspInit                              0x080009f5   Thumb Code    38  stm32l4xx_hal_msp.o(i.HAL_MspInit)
    HAL_NVIC_EnableIRQ                       0x08000a21   Thumb Code    26  stm32l4xx_hal_cortex.o(i.HAL_NVIC_EnableIRQ)
    HAL_NVIC_SetPriority                     0x08000a3d   Thumb Code    60  stm32l4xx_hal_cortex.o(i.HAL_NVIC_SetPriority)
    HAL_NVIC_SetPriorityGrouping             0x08000a7d   Thumb Code    26  stm32l4xx_hal_cortex.o(i.HAL_NVIC_SetPriorityGrouping)
    HAL_RCC_GetClockConfig                   0x08000aa1   Thumb Code    54  stm32l4xx_hal_rcc.o(i.HAL_RCC_GetClockConfig)
    HAL_RCC_GetPCLK1Freq                     0x08000ae1   Thumb Code    24  stm32l4xx_hal_rcc.o(i.HAL_RCC_GetPCLK1Freq)
    HAL_TIMEx_Break2Callback                 0x08000b05   Thumb Code     2  stm32l4xx_hal_tim_ex.o(i.HAL_TIMEx_Break2Callback)
    HAL_TIMEx_BreakCallback                  0x08000b07   Thumb Code     2  stm32l4xx_hal_tim_ex.o(i.HAL_TIMEx_BreakCallback)
    HAL_TIMEx_CommutCallback                 0x08000b09   Thumb Code     2  stm32l4xx_hal_tim_ex.o(i.HAL_TIMEx_CommutCallback)
    HAL_TIM_Base_Init                        0x08000b0b   Thumb Code    98  stm32l4xx_hal_tim.o(i.HAL_TIM_Base_Init)
    HAL_TIM_Base_MspInit                     0x08000b6d   Thumb Code     2  stm32l4xx_hal_tim.o(i.HAL_TIM_Base_MspInit)
    HAL_TIM_Base_Start_IT                    0x08000b71   Thumb Code    76  stm32l4xx_hal_tim.o(i.HAL_TIM_Base_Start_IT)
    HAL_TIM_IC_CaptureCallback               0x08000bc9   Thumb Code     2  stm32l4xx_hal_tim.o(i.HAL_TIM_IC_CaptureCallback)
    HAL_TIM_IRQHandler                       0x08000bcb   Thumb Code   388  stm32l4xx_hal_tim.o(i.HAL_TIM_IRQHandler)
    HAL_TIM_OC_DelayElapsedCallback          0x08000d4f   Thumb Code     2  stm32l4xx_hal_tim.o(i.HAL_TIM_OC_DelayElapsedCallback)
    HAL_TIM_PWM_PulseFinishedCallback        0x08000d51   Thumb Code     2  stm32l4xx_hal_tim.o(i.HAL_TIM_PWM_PulseFinishedCallback)
    HAL_TIM_PeriodElapsedCallback            0x08000d53   Thumb Code    14  main.o(i.HAL_TIM_PeriodElapsedCallback)
    HAL_TIM_TriggerCallback                  0x08000d61   Thumb Code     2  stm32l4xx_hal_tim.o(i.HAL_TIM_TriggerCallback)
    LL_EXTI_Init                             0x08000ddd   Thumb Code   316  stm32l4xx_ll_exti.o(i.LL_EXTI_Init)
    LL_GPIO_Init                             0x08000f1d   Thumb Code   306  stm32l4xx_ll_gpio.o(i.LL_GPIO_Init)
    LL_I2C_Init                              0x08001085   Thumb Code   104  stm32l4xx_ll_i2c.o(i.LL_I2C_Init)
    LL_RCC_GetUSARTClockFreq                 0x080010ed   Thumb Code   194  stm32l4xx_ll_rcc.o(i.LL_RCC_GetUSARTClockFreq)
    LL_RTC_EnterInitMode                     0x08001255   Thumb Code    70  stm32l4xx_ll_rtc.o(i.LL_RTC_EnterInitMode)
    LL_RTC_Init                              0x0800129b   Thumb Code    80  stm32l4xx_ll_rtc.o(i.LL_RTC_Init)
    LL_SPI_Init                              0x080012eb   Thumb Code    94  stm32l4xx_ll_spi.o(i.LL_SPI_Init)
    LL_SetSystemCoreClock                    0x08001349   Thumb Code     6  stm32l4xx_ll_utils.o(i.LL_SetSystemCoreClock)
    LL_USART_Init                            0x08001355   Thumb Code   156  stm32l4xx_ll_usart.o(i.LL_USART_Init)
    MemManage_Handler                        0x08001401   Thumb Code     2  stm32l4xx_it.o(i.MemManage_Handler)
    NMI_Handler                              0x08001403   Thumb Code     2  stm32l4xx_it.o(i.NMI_Handler)
    RCC_GetHCLKClockFreq                     0x08001405   Thumb Code    18  stm32l4xx_ll_rcc.o(i.RCC_GetHCLKClockFreq)
    RCC_GetPCLK1ClockFreq                    0x08001421   Thumb Code    20  stm32l4xx_ll_rcc.o(i.RCC_GetPCLK1ClockFreq)
    RCC_GetPCLK2ClockFreq                    0x0800143d   Thumb Code    20  stm32l4xx_ll_rcc.o(i.RCC_GetPCLK2ClockFreq)
    RCC_GetSystemClockFreq                   0x08001459   Thumb Code    98  stm32l4xx_ll_rcc.o(i.RCC_GetSystemClockFreq)
    RCC_PLL_GetFreqDomain_SYS                0x080014cd   Thumb Code   122  stm32l4xx_ll_rcc.o(i.RCC_PLL_GetFreqDomain_SYS)
    SysTick_Handler                          0x08001559   Thumb Code    18  board.o(i.SysTick_Handler)
    SystemInit                               0x080017c5   Thumb Code    56  system_stm32l4xx.o(i.SystemInit)
    TIM2_IRQHandler                          0x08001809   Thumb Code     6  stm32l4xx_it.o(i.TIM2_IRQHandler)
    TIM_Base_SetConfig                       0x08001815   Thumb Code    94  stm32l4xx_hal_tim.o(i.TIM_Base_SetConfig)
    USART1_IRQHandler                        0x08001881   Thumb Code    12  bsp_usart.o(i.USART1_IRQHandler)
    USART3_IRQHandler                        0x08001891   Thumb Code    12  bsp_usart.o(i.USART3_IRQHandler)
    UsageFault_Handler                       0x080018a1   Thumb Code     2  stm32l4xx_it.o(i.UsageFault_Handler)
    __0vsnprintf                             0x080018a5   Thumb Code    40  printfa.o(i.__0vsnprintf)
    __1vsnprintf                             0x080018a5   Thumb Code     0  printfa.o(i.__0vsnprintf)
    __2vsnprintf                             0x080018a5   Thumb Code     0  printfa.o(i.__0vsnprintf)
    __c89vsnprintf                           0x080018a5   Thumb Code     0  printfa.o(i.__0vsnprintf)
    vsnprintf                                0x080018a5   Thumb Code     0  printfa.o(i.__0vsnprintf)
    __rt_ffs                                 0x080018f1   Thumb Code    64  kservice.o(i.__rt_ffs)
    __scatterload_copy                       0x08001935   Thumb Code    14  handlers.o(i.__scatterload_copy)
    __scatterload_null                       0x08001943   Thumb Code     2  handlers.o(i.__scatterload_null)
    __scatterload_zeroinit                   0x08001945   Thumb Code    14  handlers.o(i.__scatterload_zeroinit)
    app_drv_oled_Init                        0x08002429   Thumb Code   272  app_drv_oled.o(i.app_drv_oled_Init)
    app_drv_oled_clear                       0x08002539   Thumb Code    64  app_drv_oled.o(i.app_drv_oled_clear)
    app_drv_oled_show_bmp                    0x08002655   Thumb Code   112  app_drv_oled.o(i.app_drv_oled_show_bmp)
    app_drv_oled_show_char                   0x080026c9   Thumb Code   110  app_drv_oled.o(i.app_drv_oled_show_char)
    app_drv_oled_show_char_string            0x08002747   Thumb Code    88  app_drv_oled.o(i.app_drv_oled_show_char_string)
    app_drv_oled_show_chinese                0x080027a1   Thumb Code    96  app_drv_oled.o(i.app_drv_oled_show_chinese)
    app_drv_power_init                       0x0800284d   Thumb Code   162  app_drv_power.o(i.app_drv_power_init)
    app_drv_power_ldo_on_set                 0x08002901   Thumb Code    18  app_drv_power.o(i.app_drv_power_ldo_on_set)
    app_drv_power_led_init                   0x08002919   Thumb Code    50  app_drv_power.o(i.app_drv_power_led_init)
    app_drv_power_set_led                    0x0800294b   Thumb Code    18  app_drv_power.o(i.app_drv_power_set_led)
    app_drv_sample_shtc3                     0x0800295d   Thumb Code   226  app_drv_sample.o(i.app_drv_sample_shtc3)
    app_srv_dispaly_init                     0x08002a53   Thumb Code    24  app_srv_oled.o(i.app_srv_dispaly_init)
    app_srv_display_state                    0x08002a6d   Thumb Code   146  app_srv_oled.o(i.app_srv_display_state)
    app_srv_oled_tread                       0x08002b59   Thumb Code    46  app_oled_task.o(i.app_srv_oled_tread)
    app_srv_power_init                       0x08002ba5   Thumb Code    14  app_srv_power.o(i.app_srv_power_init)
    app_srv_power_led_tread                  0x08002be5   Thumb Code    46  app_power_task.o(i.app_srv_power_led_tread)
    app_srv_sample_data_get                  0x08002c31   Thumb Code    18  app_srv_sample.o(i.app_srv_sample_data_get)
    app_srv_sample_init                      0x08002c81   Thumb Code    62  app_srv_sample.o(i.app_srv_sample_init)
    app_srv_sample_state                     0x08002cd9   Thumb Code    38  app_srv_sample.o(i.app_srv_sample_state)
    app_srv_sample_tread                     0x08002d09   Thumb Code    46  app_sample_task.o(i.app_srv_sample_tread)
    app_srv_state                            0x08002d55   Thumb Code    34  app_srv_power.o(i.app_srv_state)
    bsp_i2c_init                             0x08002d79   Thumb Code   170  bsp_i2c.o(i.bsp_i2c_init)
    bsp_i2c_read_data                        0x08002e31   Thumb Code   286  bsp_i2c.o(i.bsp_i2c_read_data)
    bsp_i2c_write_data                       0x08002f65   Thumb Code   258  bsp_i2c.o(i.bsp_i2c_write_data)
    bsp_log_init                             0x08003079   Thumb Code    12  bsp_log.o(i.bsp_log_init)
    bsp_log_output                           0x08003089   Thumb Code    54  bsp_log.o(i.bsp_log_output)
    bsp_rtc_init                             0x080030d9   Thumb Code    50  bsp_rtc.o(i.bsp_rtc_init)
    bsp_spi_init                             0x08003119   Thumb Code   466  bsp_spi.o(i.bsp_spi_init)
    bsp_spi_write_data                       0x080032f9   Thumb Code   198  bsp_spi.o(i.bsp_spi_write_data)
    bsp_tick_expire                          0x080033c5   Thumb Code    24  bsp_log.o(i.bsp_tick_expire)
    bsp_tick_get                             0x080033dd   Thumb Code     4  bsp_log.o(i.bsp_tick_get)
    bsp_uart_init                            0x080033e1   Thumb Code   324  bsp_usart.o(i.bsp_uart_init)
    cmd_free                                 0x0800361d   Thumb Code    10  msh.o(i.cmd_free)
    cmd_ps                                   0x08003627   Thumb Code    10  msh.o(i.cmd_ps)
    finsh_get_prompt                         0x08003631   Thumb Code    68  shell.o(i.finsh_get_prompt)
    finsh_set_prompt_mode                    0x08003691   Thumb Code    16  shell.o(i.finsh_set_prompt_mode)
    finsh_system_function_init               0x080036a5   Thumb Code     8  shell.o(i.finsh_system_function_init)
    finsh_system_init                        0x080036b1   Thumb Code    90  shell.o(i.finsh_system_init)
    finsh_thread_entry                       0x08003745   Thumb Code   612  shell.o(i.finsh_thread_entry)
    finsh_uart_init                          0x08003a05   Thumb Code    42  drv_uart.o(i.finsh_uart_init)
    hello                                    0x08003abd   Thumb Code    12  cmd.o(i.hello)
    list                                     0x08003add   Thumb Code    48  cmd.o(i.list)
    list_mem                                 0x08003bbd   Thumb Code    32  mem.o(i.list_mem)
    list_msgqueue                            0x08003c29   Thumb Code   188  cmd.o(i.list_msgqueue)
    list_mutex                               0x08003d51   Thumb Code   146  cmd.o(i.list_mutex)
    list_sem                                 0x08003e49   Thumb Code   188  cmd.o(i.list_sem)
    list_thread                              0x08003f65   Thumb Code   250  cmd.o(i.list_thread)
    list_timer                               0x0800411d   Thumb Code   160  cmd.o(i.list_timer)
    $Super$$main                             0x0800425d   Thumb Code    44  main.o(i.main)
    main_thread_entry                        0x080042bd   Thumb Code    14  components.o(i.main_thread_entry)
    msh_auto_complete                        0x080043a5   Thumb Code   154  msh.o(i.msh_auto_complete)
    msh_exec                                 0x08004455   Thumb Code    78  msh.o(i.msh_exec)
    msh_help                                 0x080044bd   Thumb Code    56  msh.o(i.msh_help)
    msh_is_used                              0x08004529   Thumb Code     4  msh.o(i.msh_is_used)
    rt_application_init                      0x080047a9   Thumb Code    32  components.o(i.rt_application_init)
    rt_calloc                                0x080047d5   Thumb Code    26  mem.o(i.rt_calloc)
    rt_components_board_init                 0x080047f1   Thumb Code    20  components.o(i.rt_components_board_init)
    rt_components_init                       0x0800480d   Thumb Code    20  components.o(i.rt_components_init)
    rt_enter_critical                        0x08004829   Thumb Code    22  scheduler.o(i.rt_enter_critical)
    rt_exit_critical                         0x08004845   Thumb Code    52  scheduler.o(i.rt_exit_critical)
    rt_free                                  0x0800487d   Thumb Code   112  mem.o(i.rt_free)
    rt_hw_board_init                         0x08004941   Thumb Code    70  board.o(i.rt_hw_board_init)
    rt_hw_console_getchar                    0x08004999   Thumb Code    40  drv_uart.o(i.rt_hw_console_getchar)
    rt_hw_console_output                     0x080049c5   Thumb Code    56  drv_uart.o(i.rt_hw_console_output)
    rt_hw_hard_fault_exception               0x08004a01   Thumb Code   198  cpuport.o(i.rt_hw_hard_fault_exception)
    rt_hw_stack_init                         0x08004c19   Thumb Code    54  cpuport.o(i.rt_hw_stack_init)
    rt_interrupt_enter                       0x08004c55   Thumb Code    22  irq.o(i.rt_interrupt_enter)
    rt_interrupt_leave                       0x08004c71   Thumb Code    22  irq.o(i.rt_interrupt_leave)
    rt_kprintf                               0x08004cf1   Thumb Code    28  kservice.o(i.rt_kprintf)
    rt_malloc                                0x08004d81   Thumb Code   232  mem.o(i.rt_malloc)
    rt_memcpy                                0x08004e71   Thumb Code    50  kservice.o(i.rt_memcpy)
    rt_memmove                               0x08004ea5   Thumb Code    50  kservice.o(i.rt_memmove)
    rt_memset                                0x08004ed7   Thumb Code    18  kservice.o(i.rt_memset)
    rt_object_allocate                       0x08004ee9   Thumb Code    80  object.o(i.rt_object_allocate)
    rt_object_delete                         0x08004f39   Thumb Code    38  object.o(i.rt_object_delete)
    rt_object_detach                         0x08004f5f   Thumb Code    32  object.o(i.rt_object_detach)
    rt_object_get_information                0x08004f81   Thumb Code    30  object.o(i.rt_object_get_information)
    rt_object_init                           0x08004fa5   Thumb Code    80  object.o(i.rt_object_init)
    rt_object_is_systemobject                0x08004ff5   Thumb Code    14  object.o(i.rt_object_is_systemobject)
    rt_ringbuffer_data_len                   0x08005003   Thumb Code    54  ringbuffer.o(i.rt_ringbuffer_data_len)
    rt_ringbuffer_getchar                    0x08005039   Thumb Code    70  ringbuffer.o(i.rt_ringbuffer_getchar)
    rt_ringbuffer_init                       0x0800507f   Thumb Code    38  ringbuffer.o(i.rt_ringbuffer_init)
    rt_ringbuffer_putchar                    0x080050a5   Thumb Code    74  ringbuffer.o(i.rt_ringbuffer_putchar)
    rt_schedule                              0x08005111   Thumb Code    84  scheduler.o(i.rt_schedule)
    rt_schedule_insert_thread                0x08005171   Thumb Code    70  scheduler.o(i.rt_schedule_insert_thread)
    rt_schedule_remove_thread                0x080051c1   Thumb Code    64  scheduler.o(i.rt_schedule_remove_thread)
    rt_sem_create                            0x08005209   Thumb Code    32  ipc.o(i.rt_sem_create)
    rt_sem_init                              0x08005229   Thumb Code    36  ipc.o(i.rt_sem_init)
    rt_sem_release                           0x0800524d   Thumb Code    52  ipc.o(i.rt_sem_release)
    rt_sem_take                              0x08005281   Thumb Code   110  ipc.o(i.rt_sem_take)
    rt_show_version                          0x080052f1   Thumb Code    40  kservice.o(i.rt_show_version)
    rt_soft_timer_check                      0x080053a1   Thumb Code   106  timer.o(i.rt_soft_timer_check)
    rt_strlen                                0x08005411   Thumb Code    16  kservice.o(i.rt_strlen)
    rt_strncpy                               0x08005421   Thumb Code    38  kservice.o(i.rt_strncpy)
    rt_system_heap_init                      0x08005449   Thumb Code    96  mem.o(i.rt_system_heap_init)
    rt_system_scheduler_init                 0x080054f5   Thumb Code    44  scheduler.o(i.rt_system_scheduler_init)
    rt_system_scheduler_start                0x08005529   Thumb Code    32  scheduler.o(i.rt_system_scheduler_start)
    rt_system_timer_init                     0x08005551   Thumb Code     8  timer.o(i.rt_system_timer_init)
    rt_system_timer_thread_init              0x0800555d   Thumb Code    46  timer.o(i.rt_system_timer_thread_init)
    rt_thread_create                         0x080055a1   Thumb Code    72  thread.o(i.rt_thread_create)
    rt_thread_delay                          0x080055e9   Thumb Code     4  thread.o(i.rt_thread_delay)
    rt_thread_exit                           0x080055ed   Thumb Code    78  thread.o(i.rt_thread_exit)
    rt_thread_idle_excute                    0x0800564d   Thumb Code   114  idle.o(i.rt_thread_idle_excute)
    rt_thread_idle_init                      0x080056c5   Thumb Code    40  idle.o(i.rt_thread_idle_init)
    rt_thread_init                           0x080056fd   Thumb Code    48  thread.o(i.rt_thread_init)
    rt_thread_mdelay                         0x08005733   Thumb Code    14  thread.o(i.rt_thread_mdelay)
    rt_thread_resume                         0x08005741   Thumb Code    60  thread.o(i.rt_thread_resume)
    rt_thread_self                           0x0800577d   Thumb Code     6  thread.o(i.rt_thread_self)
    rt_thread_sleep                          0x08005789   Thumb Code    60  thread.o(i.rt_thread_sleep)
    rt_thread_startup                        0x080057c9   Thumb Code    40  thread.o(i.rt_thread_startup)
    rt_thread_suspend                        0x080057f5   Thumb Code    66  thread.o(i.rt_thread_suspend)
    rt_thread_timeout                        0x08005837   Thumb Code    32  thread.o(i.rt_thread_timeout)
    rt_thread_yield                          0x08005891   Thumb Code    86  thread.o(i.rt_thread_yield)
    rt_tick_from_millisecond                 0x080058f1   Thumb Code    50  clock.o(i.rt_tick_from_millisecond)
    rt_tick_get                              0x08005925   Thumb Code     6  clock.o(i.rt_tick_get)
    rt_tick_increase                         0x08005931   Thumb Code    38  clock.o(i.rt_tick_increase)
    rt_timer_check                           0x0800595d   Thumb Code    98  timer.o(i.rt_timer_check)
    rt_timer_control                         0x080059c5   Thumb Code    48  timer.o(i.rt_timer_control)
    rt_timer_create                          0x080059f5   Thumb Code    46  timer.o(i.rt_timer_create)
    rt_timer_detach                          0x08005a23   Thumb Code    32  timer.o(i.rt_timer_detach)
    rt_timer_init                            0x08005a43   Thumb Code    40  timer.o(i.rt_timer_init)
    rt_timer_start                           0x08005a7d   Thumb Code   178  timer.o(i.rt_timer_start)
    rt_timer_stop                            0x08005b39   Thumb Code    46  timer.o(i.rt_timer_stop)
    rt_vsnprintf                             0x08005b69   Thumb Code   642  kservice.o(i.rt_vsnprintf)
    rtthread_startup                         0x08005e0b   Thumb Code    38  components.o(i.rtthread_startup)
    version                                  0x08005f99   Thumb Code    10  cmd.o(i.version)
    AHBPrescTable                            0x08005fa4   Data          16  system_stm32l4xx.o(.constdata)
    MSIRangeTable                            0x08005fb4   Data          48  system_stm32l4xx.o(.constdata)
    APBPrescTable                            0x08005fe4   Data           8  system_stm32l4xx.o(.constdata)
    asc_1206                                 0x080060d4   Data        1140  app_drv_oled.o(.constdata)
    asc_1608                                 0x08006548   Data        1520  app_drv_oled.o(.constdata)
    hz_1206                                  0x08006b38   Data         240  app_drv_oled.o(.constdata)
    hz_1608                                  0x08006c28   Data         288  app_drv_oled.o(.constdata)
    BMP_four                                 0x08006d48   Data          16  app_drv_oled.o(.constdata)
    BMP_three                                0x08006d58   Data          16  app_drv_oled.o(.constdata)
    BMP_two                                  0x08006d68   Data          16  app_drv_oled.o(.constdata)
    BMP_one                                  0x08006d78   Data          16  app_drv_oled.o(.constdata)
    BMP_zero                                 0x08006d88   Data          16  app_drv_oled.o(.constdata)
    BMP_none                                 0x08006d98   Data          16  app_drv_oled.o(.constdata)
    __fsym_hello_name                        0x08006da8   Data           6  cmd.o(.constdata)
    __fsym_version_name                      0x08006dae   Data           8  cmd.o(.constdata)
    __fsym___cmd_version_name                0x08006db6   Data          14  cmd.o(.constdata)
    __fsym_list_thread_name                  0x08006dc4   Data          12  cmd.o(.constdata)
    __fsym___cmd_list_thread_name            0x08006dd0   Data          18  cmd.o(.constdata)
    __fsym_list_sem_name                     0x08006de2   Data           9  cmd.o(.constdata)
    __fsym___cmd_list_sem_name               0x08006deb   Data          15  cmd.o(.constdata)
    __fsym_list_mutex_name                   0x08006dfa   Data          11  cmd.o(.constdata)
    __fsym___cmd_list_mutex_name             0x08006e05   Data          17  cmd.o(.constdata)
    __fsym_list_msgqueue_name                0x08006e16   Data          14  cmd.o(.constdata)
    __fsym___cmd_list_msgqueue_name          0x08006e24   Data          20  cmd.o(.constdata)
    __fsym_list_timer_name                   0x08006e38   Data          11  cmd.o(.constdata)
    __fsym___cmd_list_timer_name             0x08006e43   Data          17  cmd.o(.constdata)
    __fsym_list_name                         0x08006e54   Data           5  cmd.o(.constdata)
    __fsym___cmd_help_name                   0x08006e59   Data          11  msh.o(.constdata)
    __fsym___cmd_ps_name                     0x08006e64   Data           9  msh.o(.constdata)
    __fsym___cmd_free_name                   0x08006e6d   Data          11  msh.o(.constdata)
    __lowest_bit_bitmap                      0x08006e78   Data         256  kservice.o(.constdata)
    __fsym_list_mem_name                     0x08006f9a   Data           9  mem.o(.constdata)
    __rt_init_rti_start                      0x08007008   Data           4  components.o(.rti_fn.0)
    __rt_init_rti_board_start                0x0800700c   Data           4  components.o(.rti_fn.0.end)
    __rt_init_rti_board_end                  0x08007010   Data           4  components.o(.rti_fn.1.end)
    __rt_init_finsh_system_init              0x08007014   Data           4  shell.o(.rti_fn.6)
    __rt_init_rti_end                        0x08007018   Data           4  components.o(.rti_fn.6.end)
    FSymTab$$Base                            0x0800701c   Number         0  cmd.o(FSymTab)
    __fsym_hello                             0x0800701c   Data           8  cmd.o(FSymTab)
    __fsym_version                           0x08007024   Data           8  cmd.o(FSymTab)
    __fsym___cmd_version                     0x0800702c   Data           8  cmd.o(FSymTab)
    __fsym_list_thread                       0x08007034   Data           8  cmd.o(FSymTab)
    __fsym___cmd_list_thread                 0x0800703c   Data           8  cmd.o(FSymTab)
    __fsym_list_sem                          0x08007044   Data           8  cmd.o(FSymTab)
    __fsym___cmd_list_sem                    0x0800704c   Data           8  cmd.o(FSymTab)
    __fsym_list_mutex                        0x08007054   Data           8  cmd.o(FSymTab)
    __fsym___cmd_list_mutex                  0x0800705c   Data           8  cmd.o(FSymTab)
    __fsym_list_msgqueue                     0x08007064   Data           8  cmd.o(FSymTab)
    __fsym___cmd_list_msgqueue               0x0800706c   Data           8  cmd.o(FSymTab)
    __fsym_list_timer                        0x08007074   Data           8  cmd.o(FSymTab)
    __fsym___cmd_list_timer                  0x0800707c   Data           8  cmd.o(FSymTab)
    __fsym_list                              0x08007084   Data           8  cmd.o(FSymTab)
    __fsym___cmd_help                        0x0800708c   Data           8  msh.o(FSymTab)
    __fsym___cmd_ps                          0x08007094   Data           8  msh.o(FSymTab)
    __fsym___cmd_free                        0x0800709c   Data           8  msh.o(FSymTab)
    __fsym_list_mem                          0x080070a4   Data           8  mem.o(FSymTab)
    FSymTab$$Limit                           0x080070ac   Number         0  mem.o(FSymTab)
    Region$$Table$$Base                      0x080070ac   Number         0  anon$$obj.o(Region$$Table)
    Region$$Table$$Limit                     0x080070cc   Number         0  anon$$obj.o(Region$$Table)
    SystemCoreClock                          0x20000000   Data           4  system_stm32l4xx.o(.data)
    sample_sm                                0x20000010   Data           4  app_srv_sample.o(.data)
    time_1s                                  0x20000014   Data           4  app_srv_sample.o(.data)
    _syscall_table_begin                     0x20000020   Data           4  shell.o(.data)
    _syscall_table_end                       0x20000024   Data           4  shell.o(.data)
    _sysvar_table_begin                      0x20000028   Data           4  shell.o(.data)
    _sysvar_table_end                        0x2000002c   Data           4  shell.o(.data)
    shell                                    0x20000034   Data           4  shell.o(.data)
    lsi_enable                               0x20000038   Data           1  board.o(.data)
    rt_interrupt_nest                        0x20000040   Data           1  irq.o(.data)
    rt_current_priority                      0x200000ac   Data           1  scheduler.o(.data)
    rt_current_thread                        0x200000b0   Data           4  scheduler.o(.data)
    rt_thread_ready_priority_group           0x200000b4   Data           4  scheduler.o(.data)
    rt_thread_defunct                        0x200000b8   Data           8  scheduler.o(.data)
    rt_interrupt_from_thread                 0x200000d8   Data           4  cpuport.o(.data)
    rt_interrupt_to_thread                   0x200000dc   Data           4  cpuport.o(.data)
    rt_thread_switch_interrupt_flag          0x200000e0   Data           4  cpuport.o(.data)
    uwTickFreq                               0x200000e4   Data           1  stm32l4xx_hal.o(.data)
    uwTickPrio                               0x200000e8   Data           4  stm32l4xx_hal.o(.data)
    uwTick                                   0x200000ec   Data           4  stm32l4xx_hal.o(.data)
    htim2                                    0x200000f0   Data          76  stm32l4xx_hal_timebase_tim.o(.bss)
    uart_rx_buf                              0x200001bc   Data         128  drv_uart.o(.bss)
    uart_rxcb                                0x2000023c   Data          12  drv_uart.o(.bss)
    rt_thread_priority_table                 0x20000604   Data         256  scheduler.o(.bss)
    Image$$RW_IRAM1$$ZI$$Limit               0x20000f80   Number         0  anon$$obj.o ABSOLUTE
    __initial_sp                             0x20000f80   Data           0  startup_stm32l431xx.o(STACK)



==============================================================================

Memory Map of the image

  Image Entry point : 0x0800018d

  Load Region LR_IROM1 (Base: 0x08000000, Size: 0x000071bc, Max: 0x00040000, ABSOLUTE)

    Execution Region ER_IROM1 (Exec base: 0x08000000, Load base: 0x08000000, Size: 0x000070cc, Max: 0x00040000, ABSOLUTE)

    Exec Addr    Load Addr    Size         Type   Attr      Idx    E Section Name        Object

    0x08000000   0x08000000   0x0000018c   Data   RO          383    RESET               startup_stm32l431xx.o
    0x0800018c   0x0800018c   0x00000000   Code   RO         6500  * .ARM.Collect$$$$00000000  mc_w.l(entry.o)
    0x0800018c   0x0800018c   0x00000004   Code   RO         6549    .ARM.Collect$$$$00000001  mc_w.l(entry2.o)
    0x08000190   0x08000190   0x00000004   Code   RO         6552    .ARM.Collect$$$$00000004  mc_w.l(entry5.o)
    0x08000194   0x08000194   0x00000000   Code   RO         6554    .ARM.Collect$$$$00000008  mc_w.l(entry7b.o)
    0x08000194   0x08000194   0x00000000   Code   RO         6556    .ARM.Collect$$$$0000000A  mc_w.l(entry8b.o)
    0x08000194   0x08000194   0x00000008   Code   RO         6557    .ARM.Collect$$$$0000000B  mc_w.l(entry9a.o)
    0x0800019c   0x0800019c   0x00000000   Code   RO         6559    .ARM.Collect$$$$0000000D  mc_w.l(entry10a.o)
    0x0800019c   0x0800019c   0x00000000   Code   RO         6561    .ARM.Collect$$$$0000000F  mc_w.l(entry11a.o)
    0x0800019c   0x0800019c   0x00000004   Code   RO         6550    .ARM.Collect$$$$00002712  mc_w.l(entry2.o)
    0x080001a0   0x080001a0   0x00000024   Code   RO          384    .text               startup_stm32l431xx.o
    0x080001c4   0x080001c4   0x00000140   Code   RO         1579    .text               context_rvds.o
    0x08000304   0x08000304   0x00000068   Code   RO         6503    .text               mc_w.l(uldiv.o)
    0x0800036c   0x0800036c   0x00000024   Code   RO         6505    .text               mc_w.l(memcpya.o)
    0x08000390   0x08000390   0x00000024   Code   RO         6507    .text               mc_w.l(memseta.o)
    0x080003b4   0x080003b4   0x00000018   Code   RO         6509    .text               mc_w.l(strcat.o)
    0x080003cc   0x080003cc   0x00000018   Code   RO         6511    .text               mc_w.l(strncpy.o)
    0x080003e4   0x080003e4   0x0000000e   Code   RO         6513    .text               mc_w.l(strlen.o)
    0x080003f2   0x080003f2   0x00000012   Code   RO         6515    .text               mc_w.l(strcpy.o)
    0x08000404   0x08000404   0x0000001e   Code   RO         6517    .text               mc_w.l(strncmp.o)
    0x08000422   0x08000422   0x0000002c   Code   RO         6566    .text               mc_w.l(uidiv.o)
    0x0800044e   0x0800044e   0x0000001e   Code   RO         6568    .text               mc_w.l(llshl.o)
    0x0800046c   0x0800046c   0x00000020   Code   RO         6570    .text               mc_w.l(llushr.o)
    0x0800048c   0x0800048c   0x00000000   Code   RO         6572    .text               mc_w.l(iusefp.o)
    0x0800048c   0x0800048c   0x0000015e   Code   RO         6573    .text               mf_w.l(dadd.o)
    0x080005ea   0x080005ea   0x000000ea   Code   RO         6575    .text               mf_w.l(dmul.o)
    0x080006d4   0x080006d4   0x000000de   Code   RO         6577    .text               mf_w.l(ddiv.o)
    0x080007b2   0x080007b2   0x00000030   Code   RO         6579    .text               mf_w.l(dfixul.o)
    0x080007e2   0x080007e2   0x00000002   PAD
    0x080007e4   0x080007e4   0x00000030   Code   RO         6581    .text               mf_w.l(cdrcmple.o)
    0x08000814   0x08000814   0x00000024   Code   RO         6583    .text               mc_w.l(init.o)
    0x08000838   0x08000838   0x00000024   Code   RO         6586    .text               mc_w.l(llsshr.o)
    0x0800085c   0x0800085c   0x000000ba   Code   RO         6589    .text               mf_w.l(depilogue.o)
    0x08000916   0x08000916   0x0000000a   Code   RO         1685    i.$Sub$$main        components.o
    0x08000920   0x08000920   0x00000002   Code   RO          282    i.BusFault_Handler  stm32l4xx_it.o
    0x08000922   0x08000922   0x00000002   Code   RO          283    i.DMA2_Channel2_IRQHandler  stm32l4xx_it.o
    0x08000924   0x08000924   0x00000002   Code   RO          284    i.DebugMon_Handler  stm32l4xx_it.o
    0x08000926   0x08000926   0x00000002   PAD
    0x08000928   0x08000928   0x00000028   Code   RO          772    i.EXTI4_IRQHandler  app_drv_power.o
    0x08000950   0x08000950   0x00000002   Code   RO            4    i.Error_Handler     main.o
    0x08000952   0x08000952   0x00000002   PAD
    0x08000954   0x08000954   0x00000010   Code   RO         2689    i.HAL_IncTick       stm32l4xx_hal.o
    0x08000964   0x08000964   0x0000001e   Code   RO         2690    i.HAL_Init          stm32l4xx_hal.o
    0x08000982   0x08000982   0x00000002   PAD
    0x08000984   0x08000984   0x00000070   Code   RO          243    i.HAL_InitTick      stm32l4xx_hal_timebase_tim.o
    0x080009f4   0x080009f4   0x0000002c   Code   RO          219    i.HAL_MspInit       stm32l4xx_hal_msp.o
    0x08000a20   0x08000a20   0x0000001a   Code   RO         5400    i.HAL_NVIC_EnableIRQ  stm32l4xx_hal_cortex.o
    0x08000a3a   0x08000a3a   0x00000002   PAD
    0x08000a3c   0x08000a3c   0x00000040   Code   RO         5406    i.HAL_NVIC_SetPriority  stm32l4xx_hal_cortex.o
    0x08000a7c   0x08000a7c   0x00000024   Code   RO         5407    i.HAL_NVIC_SetPriorityGrouping  stm32l4xx_hal_cortex.o
    0x08000aa0   0x08000aa0   0x00000040   Code   RO         4427    i.HAL_RCC_GetClockConfig  stm32l4xx_hal_rcc.o
    0x08000ae0   0x08000ae0   0x00000024   Code   RO         4430    i.HAL_RCC_GetPCLK1Freq  stm32l4xx_hal_rcc.o
    0x08000b04   0x08000b04   0x00000002   Code   RO         4084    i.HAL_TIMEx_Break2Callback  stm32l4xx_hal_tim_ex.o
    0x08000b06   0x08000b06   0x00000002   Code   RO         4085    i.HAL_TIMEx_BreakCallback  stm32l4xx_hal_tim_ex.o
    0x08000b08   0x08000b08   0x00000002   Code   RO         4086    i.HAL_TIMEx_CommutCallback  stm32l4xx_hal_tim_ex.o
    0x08000b0a   0x08000b0a   0x00000062   Code   RO         3370    i.HAL_TIM_Base_Init  stm32l4xx_hal_tim.o
    0x08000b6c   0x08000b6c   0x00000002   Code   RO         3372    i.HAL_TIM_Base_MspInit  stm32l4xx_hal_tim.o
    0x08000b6e   0x08000b6e   0x00000002   PAD
    0x08000b70   0x08000b70   0x00000058   Code   RO         3375    i.HAL_TIM_Base_Start_IT  stm32l4xx_hal_tim.o
    0x08000bc8   0x08000bc8   0x00000002   Code   RO         3404    i.HAL_TIM_IC_CaptureCallback  stm32l4xx_hal_tim.o
    0x08000bca   0x08000bca   0x00000184   Code   RO         3418    i.HAL_TIM_IRQHandler  stm32l4xx_hal_tim.o
    0x08000d4e   0x08000d4e   0x00000002   Code   RO         3421    i.HAL_TIM_OC_DelayElapsedCallback  stm32l4xx_hal_tim.o
    0x08000d50   0x08000d50   0x00000002   Code   RO         3448    i.HAL_TIM_PWM_PulseFinishedCallback  stm32l4xx_hal_tim.o
    0x08000d52   0x08000d52   0x0000000e   Code   RO            5    i.HAL_TIM_PeriodElapsedCallback  main.o
    0x08000d60   0x08000d60   0x00000002   Code   RO         3461    i.HAL_TIM_TriggerCallback  stm32l4xx_hal_tim.o
    0x08000d62   0x08000d62   0x00000002   PAD
    0x08000d64   0x08000d64   0x00000018   Code   RO          391    i.LL_AHB2_GRP1_EnableClock  bsp_spi.o
    0x08000d7c   0x08000d7c   0x00000018   Code   RO          456    i.LL_AHB2_GRP1_EnableClock  bsp_usart.o
    0x08000d94   0x08000d94   0x00000018   Code   RO          524    i.LL_AHB2_GRP1_EnableClock  bsp_i2c.o
    0x08000dac   0x08000dac   0x00000018   Code   RO          773    i.LL_AHB2_GRP1_EnableClock  app_drv_power.o
    0x08000dc4   0x08000dc4   0x00000018   Code   RO          901    i.LL_AHB2_GRP1_EnableClock  app_drv_oled.o
    0x08000ddc   0x08000ddc   0x00000140   Code   RO         5687    i.LL_EXTI_Init      stm32l4xx_ll_exti.o
    0x08000f1c   0x08000f1c   0x00000132   Code   RO         5777    i.LL_GPIO_Init      stm32l4xx_ll_gpio.o
    0x0800104e   0x0800104e   0x00000002   PAD
    0x08001050   0x08001050   0x00000034   Code   RO          525    i.LL_I2C_HandleTransfer  bsp_i2c.o
    0x08001084   0x08001084   0x00000068   Code   RO         5824    i.LL_I2C_Init       stm32l4xx_ll_i2c.o
    0x080010ec   0x080010ec   0x000000cc   Code   RO         5918    i.LL_RCC_GetUSARTClockFreq  stm32l4xx_ll_rcc.o
    0x080011b8   0x080011b8   0x00000010   Code   RO         5919    i.LL_RCC_HSI_IsReady  stm32l4xx_ll_rcc.o
    0x080011c8   0x080011c8   0x00000010   Code   RO         5920    i.LL_RCC_LSE_IsReady  stm32l4xx_ll_rcc.o
    0x080011d8   0x080011d8   0x00000010   Code   RO         5921    i.LL_RCC_MSI_GetRange  stm32l4xx_ll_rcc.o
    0x080011e8   0x080011e8   0x00000010   Code   RO         5922    i.LL_RCC_MSI_GetRangeAfterStandby  stm32l4xx_ll_rcc.o
    0x080011f8   0x080011f8   0x00000010   Code   RO         5923    i.LL_RCC_MSI_IsEnabledRangeSelect  stm32l4xx_ll_rcc.o
    0x08001208   0x08001208   0x00000010   Code   RO         5925    i.LL_RCC_PLL_GetDivider  stm32l4xx_ll_rcc.o
    0x08001218   0x08001218   0x00000010   Code   RO         5926    i.LL_RCC_PLL_GetMainSource  stm32l4xx_ll_rcc.o
    0x08001228   0x08001228   0x00000014   Code   RO         1586    i.LL_RCC_SetRTCClockSource  board.o
    0x0800123c   0x0800123c   0x00000018   Code   RO         1587    i.LL_RCC_SetUSARTClockSource  board.o
    0x08001254   0x08001254   0x00000046   Code   RO         6161    i.LL_RTC_EnterInitMode  stm32l4xx_ll_rtc.o
    0x0800129a   0x0800129a   0x00000050   Code   RO         6163    i.LL_RTC_Init       stm32l4xx_ll_rtc.o
    0x080012ea   0x080012ea   0x0000005e   Code   RO         6277    i.LL_SPI_Init       stm32l4xx_ll_spi.o
    0x08001348   0x08001348   0x0000000c   Code   RO         6321    i.LL_SetSystemCoreClock  stm32l4xx_ll_utils.o
    0x08001354   0x08001354   0x000000ac   Code   RO         6100    i.LL_USART_Init     stm32l4xx_ll_usart.o
    0x08001400   0x08001400   0x00000002   Code   RO          285    i.MemManage_Handler  stm32l4xx_it.o
    0x08001402   0x08001402   0x00000002   Code   RO          286    i.NMI_Handler       stm32l4xx_it.o
    0x08001404   0x08001404   0x0000001c   Code   RO         5927    i.RCC_GetHCLKClockFreq  stm32l4xx_ll_rcc.o
    0x08001420   0x08001420   0x0000001c   Code   RO         5928    i.RCC_GetPCLK1ClockFreq  stm32l4xx_ll_rcc.o
    0x0800143c   0x0800143c   0x0000001c   Code   RO         5929    i.RCC_GetPCLK2ClockFreq  stm32l4xx_ll_rcc.o
    0x08001458   0x08001458   0x00000074   Code   RO         5930    i.RCC_GetSystemClockFreq  stm32l4xx_ll_rcc.o
    0x080014cc   0x080014cc   0x0000008c   Code   RO         5936    i.RCC_PLL_GetFreqDomain_SYS  stm32l4xx_ll_rcc.o
    0x08001558   0x08001558   0x00000012   Code   RO         1588    i.SysTick_Handler   board.o
    0x0800156a   0x0800156a   0x00000002   PAD
    0x0800156c   0x0800156c   0x00000258   Code   RO         1589    i.SystemClock_Config  board.o
    0x080017c4   0x080017c4   0x00000044   Code   RO          347    i.SystemInit        system_stm32l4xx.o
    0x08001808   0x08001808   0x0000000c   Code   RO          287    i.TIM2_IRQHandler   stm32l4xx_it.o
    0x08001814   0x08001814   0x0000006c   Code   RO         3463    i.TIM_Base_SetConfig  stm32l4xx_hal_tim.o
    0x08001880   0x08001880   0x00000010   Code   RO          458    i.USART1_IRQHandler  bsp_usart.o
    0x08001890   0x08001890   0x00000010   Code   RO          459    i.USART3_IRQHandler  bsp_usart.o
    0x080018a0   0x080018a0   0x00000002   Code   RO          288    i.UsageFault_Handler  stm32l4xx_it.o
    0x080018a2   0x080018a2   0x00000002   PAD
    0x080018a4   0x080018a4   0x0000002c   Code   RO         6527    i.__0vsnprintf      mc_w.l(printfa.o)
    0x080018d0   0x080018d0   0x00000020   Code   RO         5413    i.__NVIC_SetPriority  stm32l4xx_hal_cortex.o
    0x080018f0   0x080018f0   0x00000044   Code   RO         1985    i.__rt_ffs          kservice.o
    0x08001934   0x08001934   0x0000000e   Code   RO         6593    i.__scatterload_copy  mc_w.l(handlers.o)
    0x08001942   0x08001942   0x00000002   Code   RO         6594    i.__scatterload_null  mc_w.l(handlers.o)
    0x08001944   0x08001944   0x0000000e   Code   RO         6595    i.__scatterload_zeroinit  mc_w.l(handlers.o)
    0x08001952   0x08001952   0x00000002   PAD
    0x08001954   0x08001954   0x0000018a   Code   RO         6529    i._fp_digits        mc_w.l(printfa.o)
    0x08001ade   0x08001ade   0x00000002   PAD
    0x08001ae0   0x08001ae0   0x00000014   Code   RO         1751    i._has_defunct_thread  idle.o
    0x08001af4   0x08001af4   0x000000a2   Code   RO         1438    i._msh_exec_cmd     msh.o
    0x08001b96   0x08001b96   0x00000002   PAD
    0x08001b98   0x08001b98   0x000006e2   Code   RO         6530    i._printf_core      mc_w.l(printfa.o)
    0x0800227a   0x0800227a   0x00000024   Code   RO         6531    i._printf_post_padding  mc_w.l(printfa.o)
    0x0800229e   0x0800229e   0x0000002e   Code   RO         6532    i._printf_pre_padding  mc_w.l(printfa.o)
    0x080022cc   0x080022cc   0x00000098   Code   RO         2305    i._rt_scheduler_stack_check  scheduler.o
    0x08002364   0x08002364   0x00000080   Code   RO         2378    i._rt_thread_init   thread.o
    0x080023e4   0x080023e4   0x0000001c   Code   RO         2498    i._rt_timer_init    timer.o
    0x08002400   0x08002400   0x00000012   Code   RO         2499    i._rt_timer_remove  timer.o
    0x08002412   0x08002412   0x00000016   Code   RO         6533    i._snputc           mc_w.l(printfa.o)
    0x08002428   0x08002428   0x00000110   Code   RO          902    i.app_drv_oled_Init  app_drv_oled.o
    0x08002538   0x08002538   0x00000040   Code   RO          903    i.app_drv_oled_clear  app_drv_oled.o
    0x08002578   0x08002578   0x00000012   Code   RO          905    i.app_drv_oled_cs_set  app_drv_oled.o
    0x0800258a   0x0800258a   0x00000002   PAD
    0x0800258c   0x0800258c   0x00000084   Code   RO          908    i.app_drv_oled_port_init  app_drv_oled.o
    0x08002610   0x08002610   0x00000018   Code   RO          909    i.app_drv_oled_rest_set  app_drv_oled.o
    0x08002628   0x08002628   0x0000002c   Code   RO          910    i.app_drv_oled_set_address  app_drv_oled.o
    0x08002654   0x08002654   0x00000074   Code   RO          911    i.app_drv_oled_show_bmp  app_drv_oled.o
    0x080026c8   0x080026c8   0x0000007e   Code   RO          912    i.app_drv_oled_show_char  app_drv_oled.o
    0x08002746   0x08002746   0x00000058   Code   RO          913    i.app_drv_oled_show_char_string  app_drv_oled.o
    0x0800279e   0x0800279e   0x00000002   PAD
    0x080027a0   0x080027a0   0x0000006a   Code   RO          914    i.app_drv_oled_show_chinese  app_drv_oled.o
    0x0800280a   0x0800280a   0x00000002   PAD
    0x0800280c   0x0800280c   0x00000040   Code   RO          915    i.app_drv_oled_write  app_drv_oled.o
    0x0800284c   0x0800284c   0x000000b4   Code   RO          774    i.app_drv_power_init  app_drv_power.o
    0x08002900   0x08002900   0x00000018   Code   RO          775    i.app_drv_power_ldo_on_set  app_drv_power.o
    0x08002918   0x08002918   0x00000032   Code   RO          776    i.app_drv_power_led_init  app_drv_power.o
    0x0800294a   0x0800294a   0x00000012   Code   RO          777    i.app_drv_power_set_led  app_drv_power.o
    0x0800295c   0x0800295c   0x000000e2   Code   RO         1078    i.app_drv_sample_shtc3  app_drv_sample.o
    0x08002a3e   0x08002a3e   0x00000014   Code   RO         1079    i.app_drv_sample_write  app_drv_sample.o
    0x08002a52   0x08002a52   0x00000018   Code   RO         1012    i.app_srv_dispaly_init  app_srv_oled.o
    0x08002a6a   0x08002a6a   0x00000002   PAD
    0x08002a6c   0x08002a6c   0x000000a0   Code   RO         1013    i.app_srv_display_state  app_srv_oled.o
    0x08002b0c   0x08002b0c   0x0000004c   Code   RO         1048    i.app_srv_oled_entry  app_oled_task.o
    0x08002b58   0x08002b58   0x0000004c   Code   RO         1049    i.app_srv_oled_tread  app_oled_task.o
    0x08002ba4   0x08002ba4   0x0000000e   Code   RO          839    i.app_srv_power_init  app_srv_power.o
    0x08002bb2   0x08002bb2   0x00000002   PAD
    0x08002bb4   0x08002bb4   0x00000030   Code   RO          872    i.app_srv_power_led_entry  app_power_task.o
    0x08002be4   0x08002be4   0x0000004c   Code   RO          873    i.app_srv_power_led_tread  app_power_task.o
    0x08002c30   0x08002c30   0x00000018   Code   RO         1115    i.app_srv_sample_data_get  app_srv_sample.o
    0x08002c48   0x08002c48   0x00000038   Code   RO         1159    i.app_srv_sample_entry  app_sample_task.o
    0x08002c80   0x08002c80   0x00000058   Code   RO         1116    i.app_srv_sample_init  app_srv_sample.o
    0x08002cd8   0x08002cd8   0x0000002c   Code   RO         1117    i.app_srv_sample_state  app_srv_sample.o
    0x08002d04   0x08002d04   0x00000002   Code   RO         1118    i.app_srv_sample_timeout  app_srv_sample.o
    0x08002d06   0x08002d06   0x00000002   PAD
    0x08002d08   0x08002d08   0x0000004c   Code   RO         1160    i.app_srv_sample_tread  app_sample_task.o
    0x08002d54   0x08002d54   0x00000022   Code   RO          840    i.app_srv_state     app_srv_power.o
    0x08002d76   0x08002d76   0x00000002   PAD
    0x08002d78   0x08002d78   0x000000b8   Code   RO          527    i.bsp_i2c_init      bsp_i2c.o
    0x08002e30   0x08002e30   0x00000132   Code   RO          528    i.bsp_i2c_read_data  bsp_i2c.o
    0x08002f62   0x08002f62   0x00000002   PAD
    0x08002f64   0x08002f64   0x00000112   Code   RO          529    i.bsp_i2c_write_data  bsp_i2c.o
    0x08003076   0x08003076   0x00000002   PAD
    0x08003078   0x08003078   0x00000010   Code   RO          587    i.bsp_log_init      bsp_log.o
    0x08003088   0x08003088   0x00000050   Code   RO          588    i.bsp_log_output    bsp_log.o
    0x080030d8   0x080030d8   0x00000040   Code   RO          671    i.bsp_rtc_init      bsp_rtc.o
    0x08003118   0x08003118   0x000001e0   Code   RO          393    i.bsp_spi_init      bsp_spi.o
    0x080032f8   0x080032f8   0x000000cc   Code   RO          395    i.bsp_spi_write_data  bsp_spi.o
    0x080033c4   0x080033c4   0x00000018   Code   RO          589    i.bsp_tick_expire   bsp_log.o
    0x080033dc   0x080033dc   0x00000004   Code   RO          590    i.bsp_tick_get      bsp_log.o
    0x080033e0   0x080033e0   0x00000154   Code   RO          461    i.bsp_uart_init     bsp_usart.o
    0x08003534   0x08003534   0x000000e8   Code   RO         2607    i.bus_fault_track   cpuport.o
    0x0800361c   0x0800361c   0x0000000a   Code   RO         1439    i.cmd_free          msh.o
    0x08003626   0x08003626   0x0000000a   Code   RO         1440    i.cmd_ps            msh.o
    0x08003630   0x08003630   0x00000060   Code   RO         1503    i.finsh_get_prompt  shell.o
    0x08003690   0x08003690   0x00000014   Code   RO         1507    i.finsh_set_prompt_mode  shell.o
    0x080036a4   0x080036a4   0x0000000c   Code   RO         1508    i.finsh_system_function_init  shell.o
    0x080036b0   0x080036b0   0x00000094   Code   RO         1509    i.finsh_system_init  shell.o
    0x08003744   0x08003744   0x0000028c   Code   RO         1511    i.finsh_thread_entry  shell.o
    0x080039d0   0x080039d0   0x00000034   Code   RO         1188    i.finsh_uart_callback  drv_uart.o
    0x08003a04   0x08003a04   0x00000040   Code   RO         1189    i.finsh_uart_init   drv_uart.o
    0x08003a44   0x08003a44   0x00000078   Code   RO         2608    i.hard_fault_track  cpuport.o
    0x08003abc   0x08003abc   0x00000020   Code   RO         1321    i.hello             cmd.o
    0x08003adc   0x08003adc   0x00000054   Code   RO         1322    i.list              cmd.o
    0x08003b30   0x08003b30   0x00000024   Code   RO         1323    i.list_find_init    cmd.o
    0x08003b54   0x08003b54   0x00000066   Code   RO         1324    i.list_get_next     cmd.o
    0x08003bba   0x08003bba   0x00000002   PAD
    0x08003bbc   0x08003bbc   0x0000006c   Code   RO         2159    i.list_mem          mem.o
    0x08003c28   0x08003c28   0x00000128   Code   RO         1325    i.list_msgqueue     cmd.o
    0x08003d50   0x08003d50   0x000000f8   Code   RO         1326    i.list_mutex        cmd.o
    0x08003e48   0x08003e48   0x0000011c   Code   RO         1327    i.list_sem          cmd.o
    0x08003f64   0x08003f64   0x000001b8   Code   RO         1328    i.list_thread       cmd.o
    0x0800411c   0x0800411c   0x00000140   Code   RO         1329    i.list_timer        cmd.o
    0x0800425c   0x0800425c   0x00000060   Code   RO            6    i.main              main.o
    0x080042bc   0x080042bc   0x0000000e   Code   RO         1686    i.main_thread_entry  components.o
    0x080042ca   0x080042ca   0x00000002   PAD
    0x080042cc   0x080042cc   0x000000d8   Code   RO         2609    i.mem_manage_fault_track  cpuport.o
    0x080043a4   0x080043a4   0x000000b0   Code   RO         1441    i.msh_auto_complete  msh.o
    0x08004454   0x08004454   0x00000068   Code   RO         1442    i.msh_exec          msh.o
    0x080044bc   0x080044bc   0x0000006c   Code   RO         1443    i.msh_help          msh.o
    0x08004528   0x08004528   0x00000004   Code   RO         1444    i.msh_is_used       msh.o
    0x0800452c   0x0800452c   0x000000d8   Code   RO         1445    i.msh_split         msh.o
    0x08004604   0x08004604   0x00000018   Code   RO         1330    i.object_split      cmd.o
    0x0800461c   0x0800461c   0x00000054   Code   RO         2160    i.plug_holes        mem.o
    0x08004670   0x08004670   0x00000136   Code   RO         1987    i.print_number      kservice.o
    0x080047a6   0x080047a6   0x00000002   PAD
    0x080047a8   0x080047a8   0x0000002c   Code   RO         1687    i.rt_application_init  components.o
    0x080047d4   0x080047d4   0x0000001a   Code   RO         2161    i.rt_calloc         mem.o
    0x080047ee   0x080047ee   0x00000002   PAD
    0x080047f0   0x080047f0   0x0000001c   Code   RO         1688    i.rt_components_board_init  components.o
    0x0800480c   0x0800480c   0x0000001c   Code   RO         1689    i.rt_components_init  components.o
    0x08004828   0x08004828   0x0000001c   Code   RO         2307    i.rt_enter_critical  scheduler.o
    0x08004844   0x08004844   0x00000038   Code   RO         2308    i.rt_exit_critical  scheduler.o
    0x0800487c   0x0800487c   0x000000c4   Code   RO         2162    i.rt_free           mem.o
    0x08004940   0x08004940   0x00000058   Code   RO         1590    i.rt_hw_board_init  board.o
    0x08004998   0x08004998   0x0000002c   Code   RO         1190    i.rt_hw_console_getchar  drv_uart.o
    0x080049c4   0x080049c4   0x0000003c   Code   RO         1191    i.rt_hw_console_output  drv_uart.o
    0x08004a00   0x08004a00   0x00000218   Code   RO         2613    i.rt_hw_hard_fault_exception  cpuport.o
    0x08004c18   0x08004c18   0x0000003c   Code   RO         2614    i.rt_hw_stack_init  cpuport.o
    0x08004c54   0x08004c54   0x0000001c   Code   RO         1958    i.rt_interrupt_enter  irq.o
    0x08004c70   0x08004c70   0x0000001c   Code   RO         1960    i.rt_interrupt_leave  irq.o
    0x08004c8c   0x08004c8c   0x0000000e   Code   RO         1791    i.rt_ipc_list_resume  ipc.o
    0x08004c9a   0x08004c9a   0x00000002   PAD
    0x08004c9c   0x08004c9c   0x00000052   Code   RO         1793    i.rt_ipc_list_suspend  ipc.o
    0x08004cee   0x08004cee   0x00000002   PAD
    0x08004cf0   0x08004cf0   0x00000020   Code   RO         1991    i.rt_kprintf        kservice.o
    0x08004d10   0x08004d10   0x0000000e   Code   RO         2230    i.rt_list_insert_after  object.o
    0x08004d1e   0x08004d1e   0x0000000e   Code   RO         2379    i.rt_list_insert_after  thread.o
    0x08004d2c   0x08004d2c   0x0000000e   Code   RO         2500    i.rt_list_insert_after  timer.o
    0x08004d3a   0x08004d3a   0x0000000e   Code   RO         1794    i.rt_list_insert_before  ipc.o
    0x08004d48   0x08004d48   0x00000012   Code   RO         1331    i.rt_list_len       cmd.o
    0x08004d5a   0x08004d5a   0x00000012   Code   RO         2231    i.rt_list_remove    object.o
    0x08004d6c   0x08004d6c   0x00000012   Code   RO         2380    i.rt_list_remove    thread.o
    0x08004d7e   0x08004d7e   0x00000002   PAD
    0x08004d80   0x08004d80   0x000000f0   Code   RO         2163    i.rt_malloc         mem.o
    0x08004e70   0x08004e70   0x00000032   Code   RO         1995    i.rt_memcpy         kservice.o
    0x08004ea2   0x08004ea2   0x00000002   PAD
    0x08004ea4   0x08004ea4   0x00000032   Code   RO         1996    i.rt_memmove        kservice.o
    0x08004ed6   0x08004ed6   0x00000012   Code   RO         1997    i.rt_memset         kservice.o
    0x08004ee8   0x08004ee8   0x00000050   Code   RO         2232    i.rt_object_allocate  object.o
    0x08004f38   0x08004f38   0x00000026   Code   RO         2233    i.rt_object_delete  object.o
    0x08004f5e   0x08004f5e   0x00000020   Code   RO         2234    i.rt_object_detach  object.o
    0x08004f7e   0x08004f7e   0x00000002   PAD
    0x08004f80   0x08004f80   0x00000024   Code   RO         2236    i.rt_object_get_information  object.o
    0x08004fa4   0x08004fa4   0x00000050   Code   RO         2238    i.rt_object_init    object.o
    0x08004ff4   0x08004ff4   0x0000000e   Code   RO         2239    i.rt_object_is_systemobject  object.o
    0x08005002   0x08005002   0x00000036   Code   RO         1242    i.rt_ringbuffer_data_len  ringbuffer.o
    0x08005038   0x08005038   0x00000046   Code   RO         1245    i.rt_ringbuffer_getchar  ringbuffer.o
    0x0800507e   0x0800507e   0x00000026   Code   RO         1246    i.rt_ringbuffer_init  ringbuffer.o
    0x080050a4   0x080050a4   0x0000004a   Code   RO         1249    i.rt_ringbuffer_putchar  ringbuffer.o
    0x080050ee   0x080050ee   0x00000020   Code   RO         1252    i.rt_ringbuffer_status  ringbuffer.o
    0x0800510e   0x0800510e   0x00000002   PAD
    0x08005110   0x08005110   0x00000060   Code   RO         2309    i.rt_schedule       scheduler.o
    0x08005170   0x08005170   0x00000050   Code   RO         2310    i.rt_schedule_insert_thread  scheduler.o
    0x080051c0   0x080051c0   0x00000048   Code   RO         2311    i.rt_schedule_remove_thread  scheduler.o
    0x08005208   0x08005208   0x00000020   Code   RO         1811    i.rt_sem_create     ipc.o
    0x08005228   0x08005228   0x00000024   Code   RO         1814    i.rt_sem_init       ipc.o
    0x0800524c   0x0800524c   0x00000034   Code   RO         1815    i.rt_sem_release    ipc.o
    0x08005280   0x08005280   0x0000006e   Code   RO         1816    i.rt_sem_take       ipc.o
    0x080052ee   0x080052ee   0x00000002   PAD
    0x080052f0   0x080052f0   0x000000b0   Code   RO         1999    i.rt_show_version   kservice.o
    0x080053a0   0x080053a0   0x00000070   Code   RO         2501    i.rt_soft_timer_check  timer.o
    0x08005410   0x08005410   0x00000010   Code   RO         2005    i.rt_strlen         kservice.o
    0x08005420   0x08005420   0x00000026   Code   RO         2007    i.rt_strncpy        kservice.o
    0x08005446   0x08005446   0x00000002   PAD
    0x08005448   0x08005448   0x000000ac   Code   RO         2166    i.rt_system_heap_init  mem.o
    0x080054f4   0x080054f4   0x00000034   Code   RO         2312    i.rt_system_scheduler_init  scheduler.o
    0x08005528   0x08005528   0x00000028   Code   RO         2313    i.rt_system_scheduler_start  scheduler.o
    0x08005550   0x08005550   0x0000000c   Code   RO         2502    i.rt_system_timer_init  timer.o
    0x0800555c   0x0800555c   0x00000044   Code   RO         2503    i.rt_system_timer_thread_init  timer.o
    0x080055a0   0x080055a0   0x00000048   Code   RO         2382    i.rt_thread_create  thread.o
    0x080055e8   0x080055e8   0x00000004   Code   RO         2383    i.rt_thread_delay   thread.o
    0x080055ec   0x080055ec   0x00000058   Code   RO         2386    i.rt_thread_exit    thread.o
    0x08005644   0x08005644   0x00000006   Code   RO         1752    i.rt_thread_idle_entry  idle.o
    0x0800564a   0x0800564a   0x00000002   PAD
    0x0800564c   0x0800564c   0x00000078   Code   RO         1753    i.rt_thread_idle_excute  idle.o
    0x080056c4   0x080056c4   0x00000038   Code   RO         1755    i.rt_thread_idle_init  idle.o
    0x080056fc   0x080056fc   0x00000036   Code   RO         2388    i.rt_thread_init    thread.o
    0x08005732   0x08005732   0x0000000e   Code   RO         2389    i.rt_thread_mdelay  thread.o
    0x08005740   0x08005740   0x0000003c   Code   RO         2390    i.rt_thread_resume  thread.o
    0x0800577c   0x0800577c   0x0000000c   Code   RO         2391    i.rt_thread_self    thread.o
    0x08005788   0x08005788   0x00000040   Code   RO         2392    i.rt_thread_sleep   thread.o
    0x080057c8   0x080057c8   0x0000002c   Code   RO         2393    i.rt_thread_startup  thread.o
    0x080057f4   0x080057f4   0x00000042   Code   RO         2394    i.rt_thread_suspend  thread.o
    0x08005836   0x08005836   0x00000020   Code   RO         2395    i.rt_thread_timeout  thread.o
    0x08005856   0x08005856   0x00000002   PAD
    0x08005858   0x08005858   0x00000038   Code   RO         2504    i.rt_thread_timer_entry  timer.o
    0x08005890   0x08005890   0x00000060   Code   RO         2396    i.rt_thread_yield   thread.o
    0x080058f0   0x080058f0   0x00000032   Code   RO         1648    i.rt_tick_from_millisecond  clock.o
    0x08005922   0x08005922   0x00000002   PAD
    0x08005924   0x08005924   0x0000000c   Code   RO         1649    i.rt_tick_get       clock.o
    0x08005930   0x08005930   0x0000002c   Code   RO         1650    i.rt_tick_increase  clock.o
    0x0800595c   0x0800595c   0x00000068   Code   RO         2505    i.rt_timer_check    timer.o
    0x080059c4   0x080059c4   0x00000030   Code   RO         2506    i.rt_timer_control  timer.o
    0x080059f4   0x080059f4   0x0000002e   Code   RO         2507    i.rt_timer_create   timer.o
    0x08005a22   0x08005a22   0x00000020   Code   RO         2509    i.rt_timer_detach   timer.o
    0x08005a42   0x08005a42   0x00000028   Code   RO         2510    i.rt_timer_init     timer.o
    0x08005a6a   0x08005a6a   0x00000010   Code   RO         2511    i.rt_timer_list_next_timeout  timer.o
    0x08005a7a   0x08005a7a   0x00000002   PAD
    0x08005a7c   0x08005a7c   0x000000bc   Code   RO         2513    i.rt_timer_start    timer.o
    0x08005b38   0x08005b38   0x0000002e   Code   RO         2514    i.rt_timer_stop     timer.o
    0x08005b66   0x08005b66   0x00000002   PAD
    0x08005b68   0x08005b68   0x00000292   Code   RO         2010    i.rt_vsnprintf      kservice.o
    0x08005dfa   0x08005dfa   0x00000004   Code   RO         1690    i.rti_board_end     components.o
    0x08005dfe   0x08005dfe   0x00000004   Code   RO         1691    i.rti_board_start   components.o
    0x08005e02   0x08005e02   0x00000004   Code   RO         1692    i.rti_end           components.o
    0x08005e06   0x08005e06   0x00000004   Code   RO         1693    i.rti_start         components.o
    0x08005e0a   0x08005e0a   0x00000026   Code   RO         1694    i.rtthread_startup  components.o
    0x08005e30   0x08005e30   0x00000030   Code   RO         1332    i.show_wait_queue   cmd.o
    0x08005e60   0x08005e60   0x0000003c   Code   RO         1080    i.shtx_check_crc    app_drv_sample.o
    0x08005e9c   0x08005e9c   0x0000002c   Code   RO         2012    i.skip_atoi         kservice.o
    0x08005ec8   0x08005ec8   0x000000d0   Code   RO         2615    i.usage_fault_track  cpuport.o
    0x08005f98   0x08005f98   0x0000000a   Code   RO         1333    i.version           cmd.o
    0x08005fa2   0x08005fa2   0x00000002   PAD
    0x08005fa4   0x08005fa4   0x00000040   Data   RO          348    .constdata          system_stm32l4xx.o
    0x08005fe4   0x08005fe4   0x00000008   Data   RO          349    .constdata          system_stm32l4xx.o
    0x08005fec   0x08005fec   0x00000068   Data   RO          396    .constdata          bsp_spi.o
    0x08006054   0x08006054   0x00000044   Data   RO          462    .constdata          bsp_usart.o
    0x08006098   0x08006098   0x0000001c   Data   RO          530    .constdata          bsp_i2c.o
    0x080060b4   0x080060b4   0x00000020   Data   RO          592    .constdata          bsp_log.o
    0x080060d4   0x080060d4   0x00000cd4   Data   RO          916    .constdata          app_drv_oled.o
    0x08006da8   0x08006da8   0x00000006   Data   RO         1334    .constdata          cmd.o
    0x08006dae   0x08006dae   0x00000008   Data   RO         1335    .constdata          cmd.o
    0x08006db6   0x08006db6   0x0000000e   Data   RO         1336    .constdata          cmd.o
    0x08006dc4   0x08006dc4   0x0000000c   Data   RO         1337    .constdata          cmd.o
    0x08006dd0   0x08006dd0   0x00000012   Data   RO         1338    .constdata          cmd.o
    0x08006de2   0x08006de2   0x00000009   Data   RO         1339    .constdata          cmd.o
    0x08006deb   0x08006deb   0x0000000f   Data   RO         1340    .constdata          cmd.o
    0x08006dfa   0x08006dfa   0x0000000b   Data   RO         1341    .constdata          cmd.o
    0x08006e05   0x08006e05   0x00000011   Data   RO         1342    .constdata          cmd.o
    0x08006e16   0x08006e16   0x0000000e   Data   RO         1343    .constdata          cmd.o
    0x08006e24   0x08006e24   0x00000014   Data   RO         1344    .constdata          cmd.o
    0x08006e38   0x08006e38   0x0000000b   Data   RO         1345    .constdata          cmd.o
    0x08006e43   0x08006e43   0x00000011   Data   RO         1346    .constdata          cmd.o
    0x08006e54   0x08006e54   0x00000005   Data   RO         1347    .constdata          cmd.o
    0x08006e59   0x08006e59   0x0000000b   Data   RO         1446    .constdata          msh.o
    0x08006e64   0x08006e64   0x00000009   Data   RO         1447    .constdata          msh.o
    0x08006e6d   0x08006e6d   0x0000000b   Data   RO         1448    .constdata          msh.o
    0x08006e78   0x08006e78   0x00000122   Data   RO         2014    .constdata          kservice.o
    0x08006f9a   0x08006f9a   0x00000009   Data   RO         2168    .constdata          mem.o
    0x08006fa3   0x08006fa3   0x00000001   PAD
    0x08006fa4   0x08006fa4   0x00000020   Data   RO          593    .conststring        bsp_log.o
    0x08006fc4   0x08006fc4   0x00000044   Data   RO         1348    .conststring        cmd.o
    0x08007008   0x08007008   0x00000004   Data   RO         1695    .rti_fn.0           components.o
    0x0800700c   0x0800700c   0x00000004   Data   RO         1696    .rti_fn.0.end       components.o
    0x08007010   0x08007010   0x00000004   Data   RO         1697    .rti_fn.1.end       components.o
    0x08007014   0x08007014   0x00000004   Data   RO         1514    .rti_fn.6           shell.o
    0x08007018   0x08007018   0x00000004   Data   RO         1698    .rti_fn.6.end       components.o
    0x0800701c   0x0800701c   0x00000070   Data   RO         1349    FSymTab             cmd.o
    0x0800708c   0x0800708c   0x00000018   Data   RO         1449    FSymTab             msh.o
    0x080070a4   0x080070a4   0x00000008   Data   RO         2170    FSymTab             mem.o
    0x080070ac   0x080070ac   0x00000020   Data   RO         6591    Region$$Table       anon$$obj.o


    Execution Region RW_IRAM1 (Exec base: 0x20000000, Load base: 0x080070cc, Size: 0x00000f80, Max: 0x00010000, ABSOLUTE)

    Exec Addr    Load Addr    Size         Type   Attr      Idx    E Section Name        Object

    0x20000000   0x080070cc   0x00000004   Data   RW          350    .data               system_stm32l4xx.o
    0x20000004   0x080070d0   0x00000008   Data   RW          463    .data               bsp_usart.o
    0x2000000c   0x080070d8   0x00000001   Data   RW          594    .data               bsp_log.o
    0x2000000d   0x080070d9   0x00000001   Data   RW          778    .data               app_drv_power.o
    0x2000000e   0x080070da   0x00000002   PAD
    0x20000010   0x080070dc   0x00000010   Data   RW         1119    .data               app_srv_sample.o
    0x20000020   0x080070ec   0x00000018   Data   RW         1513    .data               shell.o
    0x20000038   0x08007104   0x00000002   Data   RW         1591    .data               board.o
    0x2000003a   0x08007106   0x00000002   PAD
    0x2000003c   0x08007108   0x00000004   Data   RW         1652    .data               clock.o
    0x20000040   0x0800710c   0x00000001   Data   RW         1961    .data               irq.o
    0x20000041   0x0800710d   0x00000003   PAD
    0x20000044   0x08007110   0x00000018   Data   RW         2169    .data               mem.o
    0x2000005c   0x08007128   0x00000050   Data   RW         2241    .data               object.o
    0x200000ac   0x08007178   0x00000014   Data   RW         2315    .data               scheduler.o
    0x200000c0   0x0800718c   0x00000014   Data   RW         2516    .data               timer.o
    0x200000d4   0x080071a0   0x00000004   Data   RW         2616    .data               cpuport.o
    0x200000d8   0x080071a4   0x00000004   Data   RW         2617    .data               cpuport.o
    0x200000dc   0x080071a8   0x00000004   Data   RW         2618    .data               cpuport.o
    0x200000e0   0x080071ac   0x00000004   Data   RW         2619    .data               cpuport.o
    0x200000e4   0x080071b0   0x0000000c   Data   RW         2707    .data               stm32l4xx_hal.o
    0x200000f0        -       0x0000004c   Zero   RW          246    .bss                stm32l4xx_hal_timebase_tim.o
    0x2000013c        -       0x00000080   Zero   RW          591    .bss                bsp_log.o
    0x200001bc        -       0x000000ac   Zero   RW         1192    .bss                drv_uart.o
    0x20000268        -       0x00000101   Zero   RW         1512    .bss                shell.o
    0x20000369   0x080071bc   0x00000003   PAD
    0x2000036c        -       0x00000178   Zero   RW         1756    .bss                idle.o
    0x200004e4        -       0x00000100   Zero   RW         2013    .bss                kservice.o
    0x200005e4        -       0x00000020   Zero   RW         2167    .bss                mem.o
    0x20000604        -       0x00000100   Zero   RW         2314    .bss                scheduler.o
    0x20000704        -       0x00000478   Zero   RW         2515    .bss                timer.o
    0x20000b7c   0x080071bc   0x00000004   PAD
    0x20000b80        -       0x00000400   Zero   RW          381    STACK               startup_stm32l431xx.o


==============================================================================

Image component sizes


      Code (inc. data)   RO Data    RW Data    ZI Data      Debug   Object Name

      1078         48       3284          0          0      11691   app_drv_oled.o
       336         40          0          1          0      21292   app_drv_power.o
       306          0          0          0          0       3443   app_drv_sample.o
       152         56          0          0          0       1081   app_oled_task.o
       124         52          0          0          0       1082   app_power_task.o
       132         60          0          0          0       1071   app_sample_task.o
       184         14          0          0          0       2007   app_srv_oled.o
        48          0          0          0          0       1025   app_srv_power.o
       158         38          0         16          0       2803   app_srv_sample.o
       750         52          0          2          0      57983   board.o
         0          0          0          0          0       5248   bsp_adc.o
       840         50         28          0          0      24016   bsp_i2c.o
       124         30         64          1        128       9707   bsp_log.o
        64         14          0          0          0      47967   bsp_rtc.o
       708         26        104          0          0      62403   bsp_spi.o
       396         30         68          8          0      27904   bsp_usart.o
       106         12          0          4          0       1740   clock.o
      1942        728        357          0          0      14974   cmd.o
       178         28         16          0          0       5568   components.o
       320         26          0          0          0        800   context_rvds.o
      1372        736          0         16          0       6298   cpuport.o
       220         40          0          0        172      21897   drv_uart.o
       202         26          0          0        376       5326   idle.o
       340          0          0          0          0       7768   ipc.o
        56         12          0          1          0       1470   irq.o
      1460        158        290          0        256      10877   kservice.o
       112         52          0          0          0     646679   main.o
       826        248         17         24         32       5002   mem.o
       790        152         55          0          0       7913   msh.o
       312          6          0         80          0       8132   object.o
       268          0          0          0          0       3426   ringbuffer.o
       576        144          0         20        256       8442   scheduler.o
       928        134          4         24        257       8848   shell.o
        36          8        396          0       1024        792   startup_stm32l431xx.o
        46          4          0         12          0      10712   stm32l4xx_hal.o
       158         14          0          0          0      32990   stm32l4xx_hal_cortex.o
        44          6          0          0          0        838   stm32l4xx_hal_msp.o
       100         22          0          0          0       2098   stm32l4xx_hal_rcc.o
       692         26          0          0          0       7232   stm32l4xx_hal_tim.o
         6          0          0          0          0       2112   stm32l4xx_hal_tim_ex.o
       112         12          0          0         76       1399   stm32l4xx_hal_timebase_tim.o
        24          6          0          0          0       3198   stm32l4xx_it.o
       320          4          0          0          0       7135   stm32l4xx_ll_exti.o
       306          0          0          0          0       7371   stm32l4xx_ll_gpio.o
       104          0          0          0          0      14486   stm32l4xx_ll_i2c.o
       656        110          0          0          0      37075   stm32l4xx_ll_rcc.o
       150          0          0          0          0      24693   stm32l4xx_ll_rtc.o
        94          0          0          0          0      11182   stm32l4xx_ll_spi.o
       172         16          0          0          0      21464   stm32l4xx_ll_usart.o
        12          6          0          0          0       5824   stm32l4xx_ll_utils.o
        68         12         72          4          0       1209   system_stm32l4xx.o
       766         44          0          0          0      12047   thread.o
       828         54          0         20       1144      12760   timer.o

    ----------------------------------------------------------------------
     20176       3356       4788        240       3728    1262500   Object Totals
         0          0         32          0          0          0   (incl. Generated)
        74          0          1          7          7          0   (incl. Padding)

    ----------------------------------------------------------------------

      Code (inc. data)   RO Data    RW Data    ZI Data      Debug   Library Member Name

         0          0          0          0          0          0   entry.o
         0          0          0          0          0          0   entry10a.o
         0          0          0          0          0          0   entry11a.o
         8          4          0          0          0          0   entry2.o
         4          0          0          0          0          0   entry5.o
         0          0          0          0          0          0   entry7b.o
         0          0          0          0          0          0   entry8b.o
         8          4          0          0          0          0   entry9a.o
        30          0          0          0          0          0   handlers.o
        36          8          0          0          0         68   init.o
         0          0          0          0          0          0   iusefp.o
        30          0          0          0          0         68   llshl.o
        36          0          0          0          0         68   llsshr.o
        32          0          0          0          0         68   llushr.o
        36          0          0          0          0         68   memcpya.o
        36          0          0          0          0        108   memseta.o
      2304         84          0          0          0        516   printfa.o
        24          0          0          0          0         68   strcat.o
        18          0          0          0          0         68   strcpy.o
        14          0          0          0          0         68   strlen.o
        30          0          0          0          0         80   strncmp.o
        24          0          0          0          0         76   strncpy.o
        44          0          0          0          0         80   uidiv.o
       104          0          0          0          0         92   uldiv.o
        48          0          0          0          0         68   cdrcmple.o
       350          0          0          0          0        148   dadd.o
       222          0          0          0          0        100   ddiv.o
       186          0          0          0          0        176   depilogue.o
        48          0          0          0          0         68   dfixul.o
       234          0          0          0          0         96   dmul.o

    ----------------------------------------------------------------------
      3912        100          0          0          0       2152   Library Totals
         6          0          0          0          0          0   (incl. Padding)

    ----------------------------------------------------------------------

      Code (inc. data)   RO Data    RW Data    ZI Data      Debug   Library Name

      2818        100          0          0          0       1496   mc_w.l
      1088          0          0          0          0        656   mf_w.l

    ----------------------------------------------------------------------
      3912        100          0          0          0       2152   Library Totals

    ----------------------------------------------------------------------

==============================================================================


      Code (inc. data)   RO Data    RW Data    ZI Data      Debug   

     24088       3456       4788        240       3728    1240412   Grand Totals
     24088       3456       4788        240       3728    1240412   ELF Image Totals
     24088       3456       4788        240          0          0   ROM Totals

==============================================================================

    Total RO  Size (Code + RO Data)                28876 (  28.20kB)
    Total RW  Size (RW Data + ZI Data)              3968 (   3.88kB)
    Total ROM Size (Code + RO Data + RW Data)      29116 (  28.43kB)

==============================================================================

